<html>
<body>
<pre>
<h1>µVision Build Log</h1>
<h2>Tool Versions:</h2>
IDE-Version: ¦ÌVision V5.24.2.0
Copyright (C) 2017 ARM Ltd and ARM Germany GmbH. All rights reserved.
License Information: aa aa, aa, LIC=9WSKC-7846I-WF7I7-EML8N-4EUBA-NHHDY
 
Tool Versions:
Toolchain:       MDK-ARM Plus  Version: 5.24.1
Toolchain Path:  A:\BaiduNetdiskDownload\Keil_azb\ARM\ARMCC\Bin
C Compiler:      Armcc.exe V5.06 update 5 (build 528)
Assembler:       Armasm.exe V5.06 update 5 (build 528)
Linker/Locator:  ArmLink.exe V5.06 update 5 (build 528)
Library Manager: ArmAr.exe V5.06 update 5 (build 528)
Hex Converter:   FromElf.exe V5.06 update 5 (build 528)
CPU DLL:         SARMCM3.DLL V5.24.1
Dialog DLL:      DCM.DLL V1.16.0.0
Target DLL:      STLink\ST-LINKIII-KEIL_SWO.dll V3.0.1.0
Dialog DLL:      TCM.DLL V1.32.0.0
 
<h2>Project:</h2>
A:\BaiduNetdiskDownload\STM32CubeMX_Project\aaa\P02_location_gw_hal\MDK-ARM\P02_location_gw_hal.uvprojx
Project File Date:  09/17/2025

<h2>Output:</h2>
*** Using Compiler 'V5.06 update 5 (build 528)', folder: 'A:\BaiduNetdiskDownload\Keil_azb\ARM\ARMCC\Bin'
Build target 'P02_location_gw_hal'
assembling startup_stm32f103xb.s...
compiling usart.c...
compiling stm32f1xx_hal_gpio_ex.c...
compiling spi.c...
compiling main.c...
compiling stm32f1xx_hal_msp.c...
compiling gpio.c...
compiling stm32f1xx_it.c...
compiling stm32f1xx_hal_spi.c...
compiling stm32f1xx_hal_cortex.c...
compiling stm32f1xx_hal_gpio.c...
compiling stm32f1xx_hal_pwr.c...
compiling stm32f1xx_hal_dma.c...
compiling stm32f1xx_hal.c...
compiling stm32f1xx_hal_rcc_ex.c...
compiling stm32f1xx_hal_flash.c...
compiling stm32f1xx_hal_rcc.c...
compiling driver_llcc68.c...
compiling stm32f1xx_hal_flash_ex.c...
compiling stm32f1xx_hal_exti.c...
compiling driver_llcc68_interface.c...
compiling Com_Tool.c...
compiling stm32f1xx_hal_uart.c...
compiling Com_Debug.c...
compiling system_stm32f1xx.c...
compiling Int_LoRa.c...
compiling httpUtil.c...
..\interface\eth\w5500\httpUtil.c(70): warning:  #940-D: missing return statement at end of non-void function "predefined_get_cgi_processor" 
  }
..\interface\eth\w5500\httpUtil.c(75): warning:  #940-D: missing return statement at end of non-void function "predefined_set_cgi_processor" 
  }
..\interface\eth\w5500\httpUtil.c: 2 warnings, 0 errors
compiling dns.c...
compiling w5500.c...
compiling httpParser.c...
..\interface\eth\w5500\httpParser.c(223): warning:  #1293-D: assignment in condition
  	if((name = (uint8_t *)strstr(uri, param_name)))
..\interface\eth\w5500\httpParser.c: 1 warning, 0 errors
compiling wizchip_conf.c...
compiling dhcp.c...
compiling Int_w5500.c...
compiling httpServer.c...
compiling socket.c...
compiling App_GW.c...
linking...
Program Size: Code=19208 RO-data=876 RW-data=816 ZI-data=2664  
FromELF: creating hex file...
"P02_location_gw_hal\P02_location_gw_hal.axf" - 0 Error(s), 3 Warning(s).

<h2>Software Packages used:</h2>

Package Vendor: ARM
                http://www.keil.com/pack/ARM.CMSIS.5.0.1.pack
                ARM.CMSIS.5.0.1
                CMSIS (Cortex Microcontroller Software Interface Standard)
   * Component: CORE Version: 5.0.1

Package Vendor: Keil
                http://www.keil.com/pack/Keil.STM32F1xx_DFP.2.2.0.pack
                Keil.STM32F1xx_DFP.2.2.0
                STMicroelectronics STM32F1 Series Device Support, Drivers and Examples

<h2>Collection of Component include folders:</h2>
  .\RTE\_P02_location_gw_hal
  A:\BaiduNetdiskDownload\Keil_azb\ARM\PACK\ARM\CMSIS\5.0.1\CMSIS\Include
  A:\BaiduNetdiskDownload\Keil_azb\ARM\PACK\Keil\STM32F1xx_DFP\2.2.0\Device\Include

<h2>Collection of Component Files used:</h2>

   * Component: ARM::CMSIS:CORE:5.0.1
Build Time Elapsed:  00:00:15
</pre>
</body>
</html>
