Component: ARM Compiler 5.06 update 5 (build 528) Tool: armlink [4d35e2]

==============================================================================

Section Cross References

    startup_stm32f103xb.o(STACK) refers (Special) to heapauxi.o(.text) for __use_two_region_memory
    startup_stm32f103xb.o(HEAP) refers (Special) to heapauxi.o(.text) for __use_two_region_memory
    startup_stm32f103xb.o(RESET) refers (Special) to heapauxi.o(.text) for __use_two_region_memory
    startup_stm32f103xb.o(RESET) refers to startup_stm32f103xb.o(STACK) for __initial_sp
    startup_stm32f103xb.o(RESET) refers to startup_stm32f103xb.o(.text) for Reset_Handler
    startup_stm32f103xb.o(RESET) refers to stm32f1xx_it.o(i.NMI_Handler) for NMI_Handler
    startup_stm32f103xb.o(RESET) refers to stm32f1xx_it.o(i.HardFault_Handler) for HardFault_Handler
    startup_stm32f103xb.o(RESET) refers to stm32f1xx_it.o(i.MemManage_Handler) for MemManage_Handler
    startup_stm32f103xb.o(RESET) refers to stm32f1xx_it.o(i.BusFault_Handler) for BusFault_Handler
    startup_stm32f103xb.o(RESET) refers to stm32f1xx_it.o(i.UsageFault_Handler) for UsageFault_Handler
    startup_stm32f103xb.o(RESET) refers to stm32f1xx_it.o(i.SVC_Handler) for SVC_Handler
    startup_stm32f103xb.o(RESET) refers to stm32f1xx_it.o(i.DebugMon_Handler) for DebugMon_Handler
    startup_stm32f103xb.o(RESET) refers to stm32f1xx_it.o(i.PendSV_Handler) for PendSV_Handler
    startup_stm32f103xb.o(RESET) refers to stm32f1xx_it.o(i.SysTick_Handler) for SysTick_Handler
    startup_stm32f103xb.o(.text) refers (Special) to heapauxi.o(.text) for __use_two_region_memory
    startup_stm32f103xb.o(.text) refers to system_stm32f1xx.o(i.SystemInit) for SystemInit
    startup_stm32f103xb.o(.text) refers to __main.o(!!!main) for __main
    startup_stm32f103xb.o(.text) refers to startup_stm32f103xb.o(HEAP) for Heap_Mem
    startup_stm32f103xb.o(.text) refers to startup_stm32f103xb.o(STACK) for Stack_Mem
    main.o(i.SystemClock_Config) refers to rt_memclr_w.o(.text) for __aeabi_memclr4
    main.o(i.SystemClock_Config) refers to stm32f1xx_hal_rcc.o(i.HAL_RCC_OscConfig) for HAL_RCC_OscConfig
    main.o(i.SystemClock_Config) refers to stm32f1xx_hal_rcc.o(i.HAL_RCC_ClockConfig) for HAL_RCC_ClockConfig
    main.o(i.main) refers to stm32f1xx_hal.o(i.HAL_Init) for HAL_Init
    main.o(i.main) refers to main.o(i.SystemClock_Config) for SystemClock_Config
    main.o(i.main) refers to gpio.o(i.MX_GPIO_Init) for MX_GPIO_Init
    main.o(i.main) refers to spi.o(i.MX_SPI1_Init) for MX_SPI1_Init
    main.o(i.main) refers to spi.o(i.MX_SPI2_Init) for MX_SPI2_Init
    main.o(i.main) refers to usart.o(i.MX_USART1_UART_Init) for MX_USART1_UART_Init
    main.o(i.main) refers to app_gw.o(i.App_GW_Receive_LoRa_Data) for App_GW_Receive_LoRa_Data
    main.o(i.main) refers to stm32f1xx_hal.o(i.HAL_Delay) for HAL_Delay
    gpio.o(i.MX_GPIO_Init) refers to stm32f1xx_hal_gpio.o(i.HAL_GPIO_WritePin) for HAL_GPIO_WritePin
    gpio.o(i.MX_GPIO_Init) refers to stm32f1xx_hal_gpio.o(i.HAL_GPIO_Init) for HAL_GPIO_Init
    spi.o(i.HAL_SPI_MspDeInit) refers to stm32f1xx_hal_gpio.o(i.HAL_GPIO_DeInit) for HAL_GPIO_DeInit
    spi.o(i.HAL_SPI_MspInit) refers to stm32f1xx_hal_gpio.o(i.HAL_GPIO_Init) for HAL_GPIO_Init
    spi.o(i.MX_SPI1_Init) refers to stm32f1xx_hal_spi.o(i.HAL_SPI_Init) for HAL_SPI_Init
    spi.o(i.MX_SPI1_Init) refers to main.o(i.Error_Handler) for Error_Handler
    spi.o(i.MX_SPI1_Init) refers to spi.o(.bss) for .bss
    spi.o(i.MX_SPI2_Init) refers to stm32f1xx_hal_spi.o(i.HAL_SPI_Init) for HAL_SPI_Init
    spi.o(i.MX_SPI2_Init) refers to main.o(i.Error_Handler) for Error_Handler
    spi.o(i.MX_SPI2_Init) refers to spi.o(.bss) for .bss
    usart.o(i.HAL_UART_MspDeInit) refers to stm32f1xx_hal_gpio.o(i.HAL_GPIO_DeInit) for HAL_GPIO_DeInit
    usart.o(i.HAL_UART_MspInit) refers to stm32f1xx_hal_gpio.o(i.HAL_GPIO_Init) for HAL_GPIO_Init
    usart.o(i.MX_USART1_UART_Init) refers to stm32f1xx_hal_uart.o(i.HAL_UART_Init) for HAL_UART_Init
    usart.o(i.MX_USART1_UART_Init) refers to main.o(i.Error_Handler) for Error_Handler
    usart.o(i.MX_USART1_UART_Init) refers to usart.o(.bss) for .bss
    stm32f1xx_it.o(i.SysTick_Handler) refers to stm32f1xx_hal.o(i.HAL_IncTick) for HAL_IncTick
    stm32f1xx_hal_spi.o(i.HAL_SPI_Abort) refers to stm32f1xx_hal_dma.o(i.HAL_DMA_Abort) for HAL_DMA_Abort
    stm32f1xx_hal_spi.o(i.HAL_SPI_Abort) refers to system_stm32f1xx.o(.data) for SystemCoreClock
    stm32f1xx_hal_spi.o(i.HAL_SPI_Abort) refers to stm32f1xx_hal_spi.o(i.SPI_AbortTx_ISR) for SPI_AbortTx_ISR
    stm32f1xx_hal_spi.o(i.HAL_SPI_Abort) refers to stm32f1xx_hal_spi.o(i.SPI_AbortRx_ISR) for SPI_AbortRx_ISR
    stm32f1xx_hal_spi.o(i.HAL_SPI_Abort_IT) refers to stm32f1xx_hal_dma.o(i.HAL_DMA_Abort_IT) for HAL_DMA_Abort_IT
    stm32f1xx_hal_spi.o(i.HAL_SPI_Abort_IT) refers to stm32f1xx_hal_spi.o(i.HAL_SPI_AbortCpltCallback) for HAL_SPI_AbortCpltCallback
[...]
    .constdata                               0x08004bf4   Section       18  stm32f1xx_hal_rcc.o(.constdata)
    x$fpl$usenofp                            0x08004bf4   Section        0  usenofp.o(x$fpl$usenofp)
    aPredivFactorTable                       0x08004bf4   Data           2  stm32f1xx_hal_rcc.o(.constdata)
    aPLLMULFactorTable                       0x08004bf6   Data          16  stm32f1xx_hal_rcc.o(.constdata)
    .constdata                               0x08004c06   Section       16  system_stm32f1xx.o(.constdata)
    .constdata                               0x08004c16   Section        8  system_stm32f1xx.o(.constdata)
    .constdata                               0x08004c1e   Section       17  __printf_flags_ss_wp.o(.constdata)
    maptable                                 0x08004c1e   Data          17  __printf_flags_ss_wp.o(.constdata)
    .constdata                               0x08004c30   Section        8  _printf_wctomb.o(.constdata)
    initial_mbstate                          0x08004c30   Data           8  _printf_wctomb.o(.constdata)
    .constdata                               0x08004c38   Section       40  _printf_hex_int_ll_ptr.o(.constdata)
    uc_hextab                                0x08004c38   Data          20  _printf_hex_int_ll_ptr.o(.constdata)
    lc_hextab                                0x08004c4c   Data          20  _printf_hex_int_ll_ptr.o(.constdata)
    .constdata                               0x08004c60   Section       38  _printf_fp_hex.o(.constdata)
    lc_hextab                                0x08004c60   Data          19  _printf_fp_hex.o(.constdata)
    uc_hextab                                0x08004c73   Data          19  _printf_fp_hex.o(.constdata)
    .constdata                               0x08004c86   Section        4  sys_io.o(.constdata)
    .constdata                               0x08004c8a   Section        4  sys_io.o(.constdata)
    .constdata                               0x08004c8e   Section        4  sys_io.o(.constdata)
    .constdata                               0x08004c94   Section      148  bigflt0.o(.constdata)
    tenpwrs_x                                0x08004c94   Data          60  bigflt0.o(.constdata)
    tenpwrs_i                                0x08004cd0   Data          64  bigflt0.o(.constdata)
    locale$$data                             0x08004d48   Section       28  lc_numeric_c.o(locale$$data)
    __lcnum_c_name                           0x08004d4c   Data           2  lc_numeric_c.o(locale$$data)
    __lcnum_c_start                          0x08004d54   Data           0  lc_numeric_c.o(locale$$data)
    __lcnum_c_point                          0x08004d60   Data           0  lc_numeric_c.o(locale$$data)
    __lcnum_c_thousands                      0x08004d62   Data           0  lc_numeric_c.o(locale$$data)
    __lcnum_c_grouping                       0x08004d63   Data           0  lc_numeric_c.o(locale$$data)
    locale$$data                             0x08004d64   Section      272  lc_ctype_c.o(locale$$data)
    __lcnum_c_end                            0x08004d64   Data           0  lc_numeric_c.o(locale$$data)
    __lcctype_c_name                         0x08004d68   Data           2  lc_ctype_c.o(locale$$data)
    __lcctype_c_start                        0x08004d70   Data           0  lc_ctype_c.o(locale$$data)
    __lcctype_c_end                          0x08004e74   Data           0  lc_ctype_c.o(locale$$data)
    .data                                    0x20000000   Section       12  stm32f1xx_hal.o(.data)
    .data                                    0x2000000c   Section        4  system_stm32f1xx.o(.data)
    .data                                    0x20000010   Section      696  int_lora.o(.data)
    .data                                    0x200002c8   Section       22  int_w5500.o(.data)
    .data                                    0x200002de   Section       14  socket.o(.data)
    sock_any_port                            0x200002de   Data           2  socket.o(.data)
    sock_io_mode                             0x200002e0   Data           2  socket.o(.data)
    sock_is_sending                          0x200002e2   Data           2  socket.o(.data)
    .data                                    0x200002ec   Section       52  wizchip_conf.o(.data)
    _DHCP_                                   0x200002ec   Data           1  wizchip_conf.o(.data)
    _DNS_                                    0x200002ed   Data           4  wizchip_conf.o(.data)
    .data                                    0x20000320   Section        2  app_gw.o(.data)
    .data                                    0x20000324   Section        4  stdio_streams.o(.data)
    .data                                    0x20000328   Section        4  stdio_streams.o(.data)
    .data                                    0x2000032c   Section        4  stdio_streams.o(.data)
    .bss                                     0x20000330   Section      176  spi.o(.bss)
    .bss                                     0x200003e0   Section       72  usart.o(.bss)
    .bss                                     0x20000428   Section       16  socket.o(.bss)
    sock_remained_size                       0x20000428   Data          16  socket.o(.bss)
    .bss                                     0x20000438   Section      512  app_gw.o(.bss)
    .bss                                     0x20000638   Section       84  stdio_streams.o(.bss)
    .bss                                     0x2000068c   Section       84  stdio_streams.o(.bss)
    .bss                                     0x200006e0   Section       84  stdio_streams.o(.bss)
    .bss                                     0x20000734   Section       96  libspace.o(.bss)
    HEAP                                     0x20000798   Section      512  startup_stm32f103xb.o(HEAP)
    Heap_Mem                                 0x20000798   Data         512  startup_stm32f103xb.o(HEAP)
    STACK                                    0x20000998   Section     1024  startup_stm32f103xb.o(STACK)
    Stack_Mem                                0x20000998   Data        1024  startup_stm32f103xb.o(STACK)
    __initial_sp                             0x20000d98   Data           0  startup_stm32f103xb.o(STACK)

    Global Symbols

    Symbol Name                              Value     Ov Type        Size  Object(Section)

    BuildAttributes$$THM_ISAv4$P$D$K$B$S$PE$A:L22UL41UL21$X:L11$S22US41US21$IEEE1$IW$USESV6$~STKCKD$USESV7$~SHL$OTIME$ROPI$IEEEX$EBA8$UX$STANDARDLIB$REQ8$PRES8$EABIv2 0x00000000   Number         0  anon$$obj.o ABSOLUTE
    __ARM_use_no_argv                        0x00000000   Number         0  main.o ABSOLUTE
    _printf_flags                            0x00000000   Number         0  printf_stubs.o ABSOLUTE
    _printf_return_value                     0x00000000   Number         0  printf_stubs.o ABSOLUTE
    _printf_sizespec                         0x00000000   Number         0  printf_stubs.o ABSOLUTE
    _printf_widthprec                        0x00000000   Number         0  printf_stubs.o ABSOLUTE
    __ARM_exceptions_init                     - Undefined Weak Reference
    __alloca_initialize                       - Undefined Weak Reference
    __arm_preinit_                            - Undefined Weak Reference
    __cpp_initialize__aeabi_                  - Undefined Weak Reference
    __cxa_finalize                            - Undefined Weak Reference
    __sigvec_lookup                           - Undefined Weak Reference
    __user_heap_extent                        - Undefined Weak Reference
    _atexit_init                              - Undefined Weak Reference
    _call_atexit_fns                          - Undefined Weak Reference
    _clock_init                               - Undefined Weak Reference
    _fp_trap_init                             - Undefined Weak Reference
    _fp_trap_shutdown                         - Undefined Weak Reference
    _get_lc_collate                           - Undefined Weak Reference
    _get_lc_monetary                          - Undefined Weak Reference
    _get_lc_time                              - Undefined Weak Reference
    _getenv_init                              - Undefined Weak Reference
    _handle_redirection                       - Undefined Weak Reference
    _mutex_acquire                            - Undefined Weak Reference
    _mutex_free                               - Undefined Weak Reference
    _mutex_release                            - Undefined Weak Reference
    _printf_mbtowc                            - Undefined Weak Reference
    _printf_wc                                - Undefined Weak Reference
    _rand_init                                - Undefined Weak Reference
    _signal_finish                            - Undefined Weak Reference
    _signal_init                              - Undefined Weak Reference
    __Vectors_Size                           0x000000ec   Number         0  startup_stm32f103xb.o ABSOLUTE
    __Vectors                                0x08000000   Data           4  startup_stm32f103xb.o(RESET)
    __Vectors_End                            0x080000ec   Data           0  startup_stm32f103xb.o(RESET)
    __main                                   0x080000ed   Thumb Code     8  __main.o(!!!main)
    __scatterload                            0x080000f5   Thumb Code     0  __scatter.o(!!!scatter)
    __scatterload_rt2                        0x080000f5   Thumb Code    44  __scatter.o(!!!scatter)
    __scatterload_rt2_thumb_only             0x080000f5   Thumb Code     0  __scatter.o(!!!scatter)
    __scatterload_null                       0x08000103   Thumb Code     0  __scatter.o(!!!scatter)
    __decompress                             0x08000129   Thumb Code    90  __dczerorl2.o(!!dczerorl2)
    __decompress1                            0x08000129   Thumb Code     0  __dczerorl2.o(!!dczerorl2)
    __scatterload_zeroinit                   0x08000185   Thumb Code    28  __scatter_zi.o(!!handler_zi)
    _printf_n                                0x080001a1   Thumb Code     0  _printf_n.o(.ARM.Collect$$_printf_percent$$00000001)
    _printf_percent                          0x080001a1   Thumb Code     0  _printf_percent.o(.ARM.Collect$$_printf_percent$$00000000)
    _printf_p                                0x080001a7   Thumb Code     0  _printf_p.o(.ARM.Collect$$_printf_percent$$00000002)
    _printf_f                                0x080001ad   Thumb Code     0  _printf_f.o(.ARM.Collect$$_printf_percent$$00000003)
    _printf_e                                0x080001b3   Thumb Code     0  _printf_e.o(.ARM.Collect$$_printf_percent$$00000004)
    _printf_g                                0x080001b9   Thumb Code     0  _printf_g.o(.ARM.Collect$$_printf_percent$$00000005)
    _printf_a                                0x080001bf   Thumb Code     0  _printf_a.o(.ARM.Collect$$_printf_percent$$00000006)
    _printf_ll                               0x080001c5   Thumb Code     0  _printf_ll.o(.ARM.Collect$$_printf_percent$$00000007)
    _printf_i                                0x080001cf   Thumb Code     0  _printf_i.o(.ARM.Collect$$_printf_percent$$00000008)
    _printf_d                                0x080001d5   Thumb Code     0  _printf_d.o(.ARM.Collect$$_printf_percent$$00000009)
    _printf_u                                0x080001db   Thumb Code     0  _printf_u.o(.ARM.Collect$$_printf_percent$$0000000A)
    _printf_o                                0x080001e1   Thumb Code     0  _printf_o.o(.ARM.Collect$$_printf_percent$$0000000B)
    _printf_x                                0x080001e7   Thumb Code     0  _printf_x.o(.ARM.Collect$$_printf_percent$$0000000C)
    _printf_lli                              0x080001ed   Thumb Code     0  _printf_lli.o(.ARM.Collect$$_printf_percent$$0000000D)
    _printf_lld                              0x080001f3   Thumb Code     0  _printf_lld.o(.ARM.Collect$$_printf_percent$$0000000E)
    _printf_llu                              0x080001f9   Thumb Code     0  _printf_llu.o(.ARM.Collect$$_printf_percent$$0000000F)
    _printf_llo                              0x080001ff   Thumb Code     0  _printf_llo.o(.ARM.Collect$$_printf_percent$$00000010)
    _printf_llx                              0x08000205   Thumb Code     0  _printf_llx.o(.ARM.Collect$$_printf_percent$$00000011)
    _printf_l                                0x0800020b   Thumb Code     0  _printf_l.o(.ARM.Collect$$_printf_percent$$00000012)
    _printf_c                                0x08000215   Thumb Code     0  _printf_c.o(.ARM.Collect$$_printf_percent$$00000013)
    _printf_s                                0x0800021b   Thumb Code     0  _printf_s.o(.ARM.Collect$$_printf_percent$$00000014)
    _printf_lc                               0x08000221   Thumb Code     0  _printf_lc.o(.ARM.Collect$$_printf_percent$$00000015)
    _printf_ls                               0x08000227   Thumb Code     0  _printf_ls.o(.ARM.Collect$$_printf_percent$$00000016)
    _printf_percent_end                      0x0800022d   Thumb Code     0  _printf_percent_end.o(.ARM.Collect$$_printf_percent$$00000017)
    __rt_lib_init                            0x08000231   Thumb Code     0  libinit.o(.ARM.Collect$$libinit$$00000000)
    __rt_lib_init_fp_1                       0x08000233   Thumb Code     0  libinit2.o(.ARM.Collect$$libinit$$00000002)
    __rt_lib_init_heap_2                     0x08000233   Thumb Code     0  libinit2.o(.ARM.Collect$$libinit$$00000005)
    __rt_lib_init_preinit_1                  0x08000233   Thumb Code     0  libinit2.o(.ARM.Collect$$libinit$$00000004)
    __rt_lib_init_heap_1                     0x0800023b   Thumb Code     0  libinit2.o(.ARM.Collect$$libinit$$0000000A)
    __rt_lib_init_lc_common                  0x0800023b   Thumb Code     0  libinit2.o(.ARM.Collect$$libinit$$0000000F)
    __rt_lib_init_rand_1                     0x0800023b   Thumb Code     0  libinit2.o(.ARM.Collect$$libinit$$0000000E)
    __rt_lib_init_user_alloc_1               0x0800023b   Thumb Code     0  libinit2.o(.ARM.Collect$$libinit$$0000000C)
    __rt_lib_init_lc_collate_1               0x08000241   Thumb Code     0  libinit2.o(.ARM.Collect$$libinit$$00000011)
    __rt_lib_init_lc_ctype_2                 0x08000241   Thumb Code     0  libinit2.o(.ARM.Collect$$libinit$$00000012)
    __rt_lib_init_lc_ctype_1                 0x0800024d   Thumb Code     0  libinit2.o(.ARM.Collect$$libinit$$00000013)
    __rt_lib_init_lc_monetary_1              0x0800024d   Thumb Code     0  libinit2.o(.ARM.Collect$$libinit$$00000015)
    __rt_lib_init_lc_numeric_2               0x0800024d   Thumb Code     0  libinit2.o(.ARM.Collect$$libinit$$00000016)
    __rt_lib_init_atexit_1                   0x08000257   Thumb Code     0  libinit2.o(.ARM.Collect$$libinit$$0000001B)
    __rt_lib_init_clock_1                    0x08000257   Thumb Code     0  libinit2.o(.ARM.Collect$$libinit$$00000021)
    __rt_lib_init_fp_trap_1                  0x08000257   Thumb Code     0  libinit2.o(.ARM.Collect$$libinit$$0000001F)
    __rt_lib_init_getenv_1                   0x08000257   Thumb Code     0  libinit2.o(.ARM.Collect$$libinit$$00000023)
    __rt_lib_init_lc_numeric_1               0x08000257   Thumb Code     0  libinit2.o(.ARM.Collect$$libinit$$00000017)
    __rt_lib_init_lc_time_1                  0x08000257   Thumb Code     0  libinit2.o(.ARM.Collect$$libinit$$00000019)
    __rt_lib_init_signal_1                   0x08000257   Thumb Code     0  libinit2.o(.ARM.Collect$$libinit$$0000001D)
    __rt_lib_init_stdio_2                    0x08000257   Thumb Code     0  libinit2.o(.ARM.Collect$$libinit$$00000024)
    __rt_lib_init_alloca_1                   0x0800025b   Thumb Code     0  libinit2.o(.ARM.Collect$$libinit$$0000002E)
    __rt_lib_init_argv_1                     0x0800025b   Thumb Code     0  libinit2.o(.ARM.Collect$$libinit$$0000002C)
    __rt_lib_init_cpp_1                      0x0800025b   Thumb Code     0  libinit2.o(.ARM.Collect$$libinit$$00000032)
    __rt_lib_init_exceptions_1               0x0800025b   Thumb Code     0  libinit2.o(.ARM.Collect$$libinit$$00000030)
    __rt_lib_init_return                     0x0800025b   Thumb Code     0  libinit2.o(.ARM.Collect$$libinit$$00000033)
    __rt_lib_init_stdio_1                    0x0800025b   Thumb Code     0  libinit2.o(.ARM.Collect$$libinit$$00000025)
    __rt_lib_shutdown                        0x0800025d   Thumb Code     0  libshutdown.o(.ARM.Collect$$libshutdown$$00000000)
    __rt_lib_shutdown_cpp_1                  0x0800025f   Thumb Code     0  libshutdown2.o(.ARM.Collect$$libshutdown$$00000002)
    __rt_lib_shutdown_stdio_2                0x0800025f   Thumb Code     0  libshutdown2.o(.ARM.Collect$$libshutdown$$00000003)
    __rt_lib_shutdown_fp_trap_1              0x08000263   Thumb Code     0  libshutdown2.o(.ARM.Collect$$libshutdown$$00000007)
    __rt_lib_shutdown_heap_1                 0x08000263   Thumb Code     0  libshutdown2.o(.ARM.Collect$$libshutdown$$0000000F)
    __rt_lib_shutdown_return                 0x08000263   Thumb Code     0  libshutdown2.o(.ARM.Collect$$libshutdown$$00000010)
    __rt_lib_shutdown_signal_1               0x08000263   Thumb Code     0  libshutdown2.o(.ARM.Collect$$libshutdown$$0000000A)
    __rt_lib_shutdown_stdio_1                0x08000263   Thumb Code     0  libshutdown2.o(.ARM.Collect$$libshutdown$$00000004)
    __rt_lib_shutdown_user_alloc_1           0x08000263   Thumb Code     0  libshutdown2.o(.ARM.Collect$$libshutdown$$0000000C)
    __rt_entry                               0x08000265   Thumb Code     0  __rtentry.o(.ARM.Collect$$rtentry$$00000000)
    __rt_entry_presh_1                       0x08000265   Thumb Code     0  __rtentry2.o(.ARM.Collect$$rtentry$$00000002)
    __rt_entry_sh                            0x08000265   Thumb Code     0  __rtentry4.o(.ARM.Collect$$rtentry$$00000004)
    __rt_entry_li                            0x0800026b   Thumb Code     0  __rtentry2.o(.ARM.Collect$$rtentry$$0000000A)
    __rt_entry_postsh_1                      0x0800026b   Thumb Code     0  __rtentry2.o(.ARM.Collect$$rtentry$$00000009)
    __rt_entry_main                          0x0800026f   Thumb Code     0  __rtentry2.o(.ARM.Collect$$rtentry$$0000000D)
    __rt_entry_postli_1                      0x0800026f   Thumb Code     0  __rtentry2.o(.ARM.Collect$$rtentry$$0000000C)
    __rt_exit                                0x08000277   Thumb Code     0  rtexit.o(.ARM.Collect$$rtexit$$00000000)
    __rt_exit_ls                             0x08000279   Thumb Code     0  rtexit2.o(.ARM.Collect$$rtexit$$00000003)
    __rt_exit_prels_1                        0x08000279   Thumb Code     0  rtexit2.o(.ARM.Collect$$rtexit$$00000002)
    __rt_exit_exit                           0x0800027d   Thumb Code     0  rtexit2.o(.ARM.Collect$$rtexit$$00000004)
    Reset_Handler                            0x08000285   Thumb Code     8  startup_stm32f103xb.o(.text)
    _maybe_terminate_alloc                   0x08000285   Thumb Code     0  maybetermalloc1.o(.emb_text)
    ADC1_2_IRQHandler                        0x0800029f   Thumb Code     0  startup_stm32f103xb.o(.text)
    CAN1_RX1_IRQHandler                      0x0800029f   Thumb Code     0  startup_stm32f103xb.o(.text)
    CAN1_SCE_IRQHandler                      0x0800029f   Thumb Code     0  startup_stm32f103xb.o(.text)
    DMA1_Channel1_IRQHandler                 0x0800029f   Thumb Code     0  startup_stm32f103xb.o(.text)
    DMA1_Channel2_IRQHandler                 0x0800029f   Thumb Code     0  startup_stm32f103xb.o(.text)
    DMA1_Channel3_IRQHandler                 0x0800029f   Thumb Code     0  startup_stm32f103xb.o(.text)
    DMA1_Channel4_IRQHandler                 0x0800029f   Thumb Code     0  startup_stm32f103xb.o(.text)
    DMA1_Channel5_IRQHandler                 0x0800029f   Thumb Code     0  startup_stm32f103xb.o(.text)
    DMA1_Channel6_IRQHandler                 0x0800029f   Thumb Code     0  startup_stm32f103xb.o(.text)
    DMA1_Channel7_IRQHandler                 0x0800029f   Thumb Code     0  startup_stm32f103xb.o(.text)
    EXTI0_IRQHandler                         0x0800029f   Thumb Code     0  startup_stm32f103xb.o(.text)
    EXTI15_10_IRQHandler                     0x0800029f   Thumb Code     0  startup_stm32f103xb.o(.text)
    EXTI1_IRQHandler                         0x0800029f   Thumb Code     0  startup_stm32f103xb.o(.text)
    EXTI2_IRQHandler                         0x0800029f   Thumb Code     0  startup_stm32f103xb.o(.text)
    EXTI3_IRQHandler                         0x0800029f   Thumb Code     0  startup_stm32f103xb.o(.text)
    EXTI4_IRQHandler                         0x0800029f   Thumb Code     0  startup_stm32f103xb.o(.text)
    EXTI9_5_IRQHandler                       0x0800029f   Thumb Code     0  startup_stm32f103xb.o(.text)
    FLASH_IRQHandler                         0x0800029f   Thumb Code     0  startup_stm32f103xb.o(.text)
    I2C1_ER_IRQHandler                       0x0800029f   Thumb Code     0  startup_stm32f103xb.o(.text)
    I2C1_EV_IRQHandler                       0x0800029f   Thumb Code     0  startup_stm32f103xb.o(.text)
    I2C2_ER_IRQHandler                       0x0800029f   Thumb Code     0  startup_stm32f103xb.o(.text)
    I2C2_EV_IRQHandler                       0x0800029f   Thumb Code     0  startup_stm32f103xb.o(.text)
    PVD_IRQHandler                           0x0800029f   Thumb Code     0  startup_stm32f103xb.o(.text)
    RCC_IRQHandler                           0x0800029f   Thumb Code     0  startup_stm32f103xb.o(.text)
    RTC_Alarm_IRQHandler                     0x0800029f   Thumb Code     0  startup_stm32f103xb.o(.text)
    RTC_IRQHandler                           0x0800029f   Thumb Code     0  startup_stm32f103xb.o(.text)
    SPI1_IRQHandler                          0x0800029f   Thumb Code     0  startup_stm32f103xb.o(.text)
    SPI2_IRQHandler                          0x0800029f   Thumb Code     0  startup_stm32f103xb.o(.text)
    TAMPER_IRQHandler                        0x0800029f   Thumb Code     0  startup_stm32f103xb.o(.text)
    TIM1_BRK_IRQHandler                      0x0800029f   Thumb Code     0  startup_stm32f103xb.o(.text)
    TIM1_CC_IRQHandler                       0x0800029f   Thumb Code     0  startup_stm32f103xb.o(.text)
    TIM1_TRG_COM_IRQHandler                  0x0800029f   Thumb Code     0  startup_stm32f103xb.o(.text)
    TIM1_UP_IRQHandler                       0x0800029f   Thumb Code     0  startup_stm32f103xb.o(.text)
    TIM2_IRQHandler                          0x0800029f   Thumb Code     0  startup_stm32f103xb.o(.text)
    TIM3_IRQHandler                          0x0800029f   Thumb Code     0  startup_stm32f103xb.o(.text)
    TIM4_IRQHandler                          0x0800029f   Thumb Code     0  startup_stm32f103xb.o(.text)
    USART1_IRQHandler                        0x0800029f   Thumb Code     0  startup_stm32f103xb.o(.text)
    USART2_IRQHandler                        0x0800029f   Thumb Code     0  startup_stm32f103xb.o(.text)
    USART3_IRQHandler                        0x0800029f   Thumb Code     0  startup_stm32f103xb.o(.text)
    USBWakeUp_IRQHandler                     0x0800029f   Thumb Code     0  startup_stm32f103xb.o(.text)
    USB_HP_CAN1_TX_IRQHandler                0x0800029f   Thumb Code     0  startup_stm32f103xb.o(.text)
    USB_LP_CAN1_RX0_IRQHandler               0x0800029f   Thumb Code     0  startup_stm32f103xb.o(.text)
    WWDG_IRQHandler                          0x0800029f   Thumb Code     0  startup_stm32f103xb.o(.text)
    __user_initial_stackheap                 0x080002a1   Thumb Code     0  startup_stm32f103xb.o(.text)
    malloc                                   0x080002c5   Thumb Code    94  h1_alloc.o(.text)
    vprintf                                  0x08000325   Thumb Code     8  vprintf.o(.text)
    __2printf                                0x08000331   Thumb Code    20  __2printf.o(.text)
    _printf_str                              0x08000349   Thumb Code    82  _printf_str.o(.text)
    _printf_int_dec                          0x0800039d   Thumb Code   104  _printf_dec.o(.text)
    __printf                                 0x08000415   Thumb Code   388  __printf_flags_ss_wp.o(.text)
    strrchr                                  0x0800059d   Thumb Code    22  strrchr.o(.text)
    strlen                                   0x080005b3   Thumb Code    62  strlen.o(.text)
    __aeabi_memcpy                           0x080005f1   Thumb Code     0  rt_memcpy_v6.o(.text)
    __rt_memcpy                              0x080005f1   Thumb Code   138  rt_memcpy_v6.o(.text)
    _memcpy_lastbytes                        0x08000657   Thumb Code     0  rt_memcpy_v6.o(.text)
    __aeabi_memclr                           0x0800067b   Thumb Code     0  rt_memclr.o(.text)
    __rt_memclr                              0x0800067b   Thumb Code    68  rt_memclr.o(.text)
    _memset                                  0x0800067f   Thumb Code     0  rt_memclr.o(.text)
    __aeabi_memclr4                          0x080006bf   Thumb Code     0  rt_memclr_w.o(.text)
    __aeabi_memclr8                          0x080006bf   Thumb Code     0  rt_memclr_w.o(.text)
    __rt_memclr_w                            0x080006bf   Thumb Code    78  rt_memclr_w.o(.text)
    _memset_w                                0x080006c3   Thumb Code     0  rt_memclr_w.o(.text)
    strcmp                                   0x0800070d   Thumb Code   128  strcmpv7m.o(.text)
    __use_two_region_memory                  0x0800078d   Thumb Code     2  heapauxi.o(.text)
    __rt_heap_escrow                         0x0800078f   Thumb Code     2  heapauxi.o(.text)
    __rt_heap_expand                         0x08000791   Thumb Code     2  heapauxi.o(.text)
    __rt_heap_descriptor                     0x08000795   Thumb Code     8  rt_heap_descriptor_intlibspace.o(.text)
    __use_no_heap                            0x0800079d   Thumb Code     2  hguard.o(.text)
    __heap$guard                             0x0800079f   Thumb Code     2  hguard.o(.text)
    _terminate_user_alloc                    0x080007a1   Thumb Code     2  init_alloc.o(.text)
    _init_user_alloc                         0x080007a3   Thumb Code     2  init_alloc.o(.text)
    __Heap_Full                              0x080007a5   Thumb Code    34  init_alloc.o(.text)
    __Heap_Broken                            0x080007c7   Thumb Code     6  init_alloc.o(.text)
    _init_alloc                              0x080007cd   Thumb Code    94  init_alloc.o(.text)
    __Heap_Initialize                        0x0800082b   Thumb Code    10  h1_init.o(.text)
    __Heap_DescSize                          0x08000835   Thumb Code     4  h1_init.o(.text)
    free                                     0x08000839   Thumb Code    78  h1_free.o(.text)
    _printf_pre_padding                      0x08000887   Thumb Code    44  _printf_pad.o(.text)
    _printf_post_padding                     0x080008b3   Thumb Code    34  _printf_pad.o(.text)
    _printf_truncate_signed                  0x080008d5   Thumb Code    18  _printf_truncate.o(.text)
    _printf_truncate_unsigned                0x080008e7   Thumb Code    18  _printf_truncate.o(.text)
    _printf_int_common                       0x080008f9   Thumb Code   178  _printf_intcommon.o(.text)
    _printf_charcount                        0x080009ab   Thumb Code    40  _printf_charcount.o(.text)
    _printf_char_common                      0x080009df   Thumb Code    32  _printf_char_common.o(.text)
    _printf_cs_common                        0x08000a05   Thumb Code    20  _printf_char.o(.text)
    _printf_char                             0x08000a19   Thumb Code    16  _printf_char.o(.text)
    _printf_string                           0x08000a29   Thumb Code     8  _printf_char.o(.text)
    _printf_char_file                        0x08000a31   Thumb Code    32  _printf_char_file.o(.text)
    _printf_wctomb                           0x08000a55   Thumb Code   182  _printf_wctomb.o(.text)
    _printf_longlong_dec                     0x08000b11   Thumb Code   108  _printf_longlong_dec.o(.text)
    _printf_longlong_oct                     0x08000b8d   Thumb Code    66  _printf_oct_int_ll.o(.text)
    _printf_int_oct                          0x08000bcf   Thumb Code    24  _printf_oct_int_ll.o(.text)
    _printf_ll_oct                           0x08000be7   Thumb Code    12  _printf_oct_int_ll.o(.text)
    _printf_longlong_hex                     0x08000bfd   Thumb Code    86  _printf_hex_int_ll_ptr.o(.text)
    _printf_int_hex                          0x08000c53   Thumb Code    28  _printf_hex_int_ll_ptr.o(.text)
    _printf_ll_hex                           0x08000c6f   Thumb Code    12  _printf_hex_int_ll_ptr.o(.text)
    _printf_hex_ptr                          0x08000c7b   Thumb Code    18  _printf_hex_int_ll_ptr.o(.text)
    __aeabi_memcpy4                          0x08000c91   Thumb Code     0  rt_memcpy_w.o(.text)
    __aeabi_memcpy8                          0x08000c91   Thumb Code     0  rt_memcpy_w.o(.text)
    __rt_memcpy_w                            0x08000c91   Thumb Code   100  rt_memcpy_w.o(.text)
    _memcpy_lastbytes_aligned                0x08000cd9   Thumb Code     0  rt_memcpy_w.o(.text)
    __user_libspace                          0x08000cf5   Thumb Code     8  libspace.o(.text)
    __user_perproc_libspace                  0x08000cf5   Thumb Code     0  libspace.o(.text)
    __user_perthread_libspace                0x08000cf5   Thumb Code     0  libspace.o(.text)
    __aeabi_errno_addr                       0x08000cfd   Thumb Code     8  rt_errno_addr_intlibspace.o(.text)
    __errno$intlibspace                      0x08000cfd   Thumb Code     0  rt_errno_addr_intlibspace.o(.text)
    __rt_errno_addr$intlibspace              0x08000cfd   Thumb Code     0  rt_errno_addr_intlibspace.o(.text)
    __Heap_ProvideMemory                     0x08000d05   Thumb Code    52  h1_extend.o(.text)
    _ll_udiv10                               0x08000d39   Thumb Code   138  lludiv10.o(.text)
    __lib_sel_fp_printf                      0x08000dc3   Thumb Code     2  _printf_fp_dec.o(.text)
    _printf_fp_dec_real                      0x08000f75   Thumb Code   620  _printf_fp_dec.o(.text)
    _printf_fp_hex_real                      0x080011e1   Thumb Code   756  _printf_fp_hex.o(.text)
    _printf_lcs_common                       0x080014dd   Thumb Code    20  _printf_wchar.o(.text)
    _printf_wchar                            0x080014f1   Thumb Code    16  _printf_wchar.o(.text)
    _printf_wstring                          0x08001501   Thumb Code     8  _printf_wchar.o(.text)
    ferror                                   0x08001509   Thumb Code     8  ferror.o(.text)
    _initio                                  0x08001511   Thumb Code   210  initio.o(.text)
    _terminateio                             0x080015e3   Thumb Code    56  initio.o(.text)
    _wcrtomb                                 0x08001649   Thumb Code    64  _wcrtomb.o(.text)
    __rt_SIGRTMEM                            0x08001689   Thumb Code    14  defsig_rtmem_outer.o(.text)
    _sys_open                                0x08001697   Thumb Code    20  sys_io.o(.text)
    _sys_close                               0x080016ab   Thumb Code    12  sys_io.o(.text)
    _sys_write                               0x080016b7   Thumb Code    16  sys_io.o(.text)
    _sys_read                                0x080016c7   Thumb Code    14  sys_io.o(.text)
    _sys_istty                               0x080016d5   Thumb Code    12  sys_io.o(.text)
    _sys_seek                                0x080016e1   Thumb Code    14  sys_io.o(.text)
    _sys_ensure                              0x080016ef   Thumb Code     2  sys_io.o(.text)
    _sys_flen                                0x080016f1   Thumb Code    12  sys_io.o(.text)
    __I$use$semihosting                      0x080016fd   Thumb Code     0  use_no_semi.o(.text)
    __use_no_semihosting_swi                 0x080016fd   Thumb Code     2  use_no_semi.o(.text)
    __semihosting_library_function           0x080016ff   Thumb Code     0  indicate_semi.o(.text)
    __user_setup_stackheap                   0x080016ff   Thumb Code    74  sys_stackheap_outer.o(.text)
    __rt_ctype_table                         0x08001749   Thumb Code    16  rt_ctype_table.o(.text)
    __rt_locale                              0x08001759   Thumb Code     8  rt_locale_intlibspace.o(.text)
    _printf_fp_infnan                        0x08001761   Thumb Code   112  _printf_fp_infnan.o(.text)
    _btod_etento                             0x080017e1   Thumb Code   224  bigflt0.o(.text)
    setvbuf                                  0x080018c5   Thumb Code    70  setvbuf.o(.text)
    freopen                                  0x0800190d   Thumb Code   158  fopen.o(.text)
    fopen                                    0x080019ab   Thumb Code    74  fopen.o(.text)
    _fclose_internal                         0x080019f9   Thumb Code    76  fclose.o(.text)
    fclose                                   0x080019f9   Thumb Code     0  fclose.o(.text)
    exit                                     0x08001a45   Thumb Code    18  exit.o(.text)
    __sig_exit                               0x08001a57   Thumb Code    10  defsig_exit.o(.text)
    __rt_SIGRTRED                            0x08001a61   Thumb Code    14  defsig_rtred_outer.o(.text)
    __rt_SIGRTMEM_inner                      0x08001a71   Thumb Code    22  defsig_rtmem_inner.o(.text)
    _sys_exit                                0x08001ac1   Thumb Code     8  sys_exit.o(.text)
    _fseek                                   0x08001acd   Thumb Code   242  fseek.o(.text)
    fseek                                    0x08001acd   Thumb Code     0  fseek.o(.text)
    _seterr                                  0x08001bc5   Thumb Code    20  stdio.o(.text)
    _writebuf                                0x08001bd9   Thumb Code    84  stdio.o(.text)
    _fflush                                  0x08001c2d   Thumb Code    70  stdio.o(.text)
    _deferredlazyseek                        0x08001c73   Thumb Code    60  stdio.o(.text)
    __default_signal_display                 0x08001cb5   Thumb Code    50  defsig_general.o(.text)
    __rt_SIGRTRED_inner                      0x08001ce9   Thumb Code    14  defsig_rtred_inner.o(.text)
    _ttywrch                                 0x08001d1d   Thumb Code    14  sys_wrch.o(.text)
    _ftell_internal                          0x08001d2b   Thumb Code    66  ftell.o(.text)
    ftell                                    0x08001d2b   Thumb Code     0  ftell.o(.text)
    _btod_d2e                                0x08001d6d   Thumb Code    62  btod.o(CL$$btod_d2e)
    _d2e_denorm_low                          0x08001dab   Thumb Code    70  btod.o(CL$$btod_d2e_denorm_low)
    _d2e_norm_op1                            0x08001df1   Thumb Code    96  btod.o(CL$$btod_d2e_norm_op1)
    __btod_div_common                        0x08001e51   Thumb Code   696  btod.o(CL$$btod_div_common)
    _e2e                                     0x08002189   Thumb Code   220  btod.o(CL$$btod_e2e)
    _btod_ediv                               0x08002265   Thumb Code    42  btod.o(CL$$btod_ediv)
    _btod_emul                               0x0800228f   Thumb Code    42  btod.o(CL$$btod_emul)
    __btod_mult_common                       0x080022b9   Thumb Code   580  btod.o(CL$$btod_mult_common)
    App_GW_Receive_LoRa_Data                 0x080024fd   Thumb Code    40  app_gw.o(i.App_GW_Receive_LoRa_Data)
    BusFault_Handler                         0x0800252d   Thumb Code     2  stm32f1xx_it.o(i.BusFault_Handler)
    DebugMon_Handler                         0x0800252f   Thumb Code     2  stm32f1xx_it.o(i.DebugMon_Handler)
    Error_Handler                            0x08002531   Thumb Code     4  main.o(i.Error_Handler)
    HAL_Delay                                0x08002535   Thumb Code    32  stm32f1xx_hal.o(i.HAL_Delay)
    HAL_GPIO_DeInit                          0x08002559   Thumb Code   254  stm32f1xx_hal_gpio.o(i.HAL_GPIO_DeInit)
    HAL_GPIO_Init                            0x08002671   Thumb Code   446  stm32f1xx_hal_gpio.o(i.HAL_GPIO_Init)
    HAL_GPIO_ReadPin                         0x08002851   Thumb Code    10  stm32f1xx_hal_gpio.o(i.HAL_GPIO_ReadPin)
    HAL_GPIO_WritePin                        0x0800285b   Thumb Code    10  stm32f1xx_hal_gpio.o(i.HAL_GPIO_WritePin)
    HAL_GetTick                              0x08002865   Thumb Code     6  stm32f1xx_hal.o(i.HAL_GetTick)
    HAL_IncTick                              0x08002871   Thumb Code    12  stm32f1xx_hal.o(i.HAL_IncTick)
    HAL_Init                                 0x08002881   Thumb Code    32  stm32f1xx_hal.o(i.HAL_Init)
    HAL_InitTick                             0x080028a5   Thumb Code    54  stm32f1xx_hal.o(i.HAL_InitTick)
    HAL_MspInit                              0x080028e5   Thumb Code    52  stm32f1xx_hal_msp.o(i.HAL_MspInit)
    HAL_NVIC_SetPriority                     0x08002921   Thumb Code    60  stm32f1xx_hal_cortex.o(i.HAL_NVIC_SetPriority)
    HAL_NVIC_SetPriorityGrouping             0x08002961   Thumb Code    26  stm32f1xx_hal_cortex.o(i.HAL_NVIC_SetPriorityGrouping)
    HAL_RCC_ClockConfig                      0x08002985   Thumb Code   280  stm32f1xx_hal_rcc.o(i.HAL_RCC_ClockConfig)
    HAL_RCC_GetPCLK1Freq                     0x08002ab1   Thumb Code    20  stm32f1xx_hal_rcc.o(i.HAL_RCC_GetPCLK1Freq)
    HAL_RCC_GetPCLK2Freq                     0x08002ad1   Thumb Code    20  stm32f1xx_hal_rcc.o(i.HAL_RCC_GetPCLK2Freq)
    HAL_RCC_GetSysClockFreq                  0x08002af1   Thumb Code    58  stm32f1xx_hal_rcc.o(i.HAL_RCC_GetSysClockFreq)
    HAL_RCC_OscConfig                        0x08002b3d   Thumb Code   778  stm32f1xx_hal_rcc.o(i.HAL_RCC_OscConfig)
    HAL_SPI_DeInit                           0x08002e5d   Thumb Code    46  stm32f1xx_hal_spi.o(i.HAL_SPI_DeInit)
    HAL_SPI_Init                             0x08002e8b   Thumb Code   178  stm32f1xx_hal_spi.o(i.HAL_SPI_Init)
    HAL_SPI_MspDeInit                        0x08002f3d   Thumb Code    48  spi.o(i.HAL_SPI_MspDeInit)
    HAL_SPI_MspInit                          0x08002f81   Thumb Code   162  spi.o(i.HAL_SPI_MspInit)
    HAL_SPI_Receive                          0x08003039   Thumb Code   340  stm32f1xx_hal_spi.o(i.HAL_SPI_Receive)
    HAL_SPI_Transmit                         0x0800318d   Thumb Code   358  stm32f1xx_hal_spi.o(i.HAL_SPI_Transmit)
    HAL_SPI_TransmitReceive                  0x080032f3   Thumb Code   496  stm32f1xx_hal_spi.o(i.HAL_SPI_TransmitReceive)
    HAL_SYSTICK_Config                       0x080034e3   Thumb Code    40  stm32f1xx_hal_cortex.o(i.HAL_SYSTICK_Config)
    HAL_UART_Init                            0x0800350b   Thumb Code   100  stm32f1xx_hal_uart.o(i.HAL_UART_Init)
    HAL_UART_MspInit                         0x08003571   Thumb Code   100  usart.o(i.HAL_UART_MspInit)
    HAL_UART_Transmit                        0x080035e1   Thumb Code   160  stm32f1xx_hal_uart.o(i.HAL_UART_Transmit)
    HardFault_Handler                        0x08003681   Thumb Code     2  stm32f1xx_it.o(i.HardFault_Handler)
    Int_LoRa_Receive_Data                    0x08003685   Thumb Code    70  int_lora.o(i.Int_LoRa_Receive_Data)
    Int_W5500_Send_Data                      0x080036d1   Thumb Code    52  int_w5500.o(i.Int_W5500_Send_Data)
    Int_W5500_Start_TCP_Client               0x08003705   Thumb Code   450  int_w5500.o(i.Int_W5500_Start_TCP_Client)
    MX_GPIO_Init                             0x0800394d   Thumb Code   194  gpio.o(i.MX_GPIO_Init)
    MX_SPI1_Init                             0x08003a21   Thumb Code    62  spi.o(i.MX_SPI1_Init)
    MX_SPI2_Init                             0x08003a69   Thumb Code    62  spi.o(i.MX_SPI2_Init)
    MX_USART1_UART_Init                      0x08003ab1   Thumb Code    48  usart.o(i.MX_USART1_UART_Init)
    MemManage_Handler                        0x08003ae9   Thumb Code     2  stm32f1xx_it.o(i.MemManage_Handler)
    NMI_Handler                              0x08003aeb   Thumb Code     2  stm32f1xx_it.o(i.NMI_Handler)
    PendSV_Handler                           0x08003aed   Thumb Code     2  stm32f1xx_it.o(i.PendSV_Handler)
    SVC_Handler                              0x08003c39   Thumb Code     2  stm32f1xx_it.o(i.SVC_Handler)
    SysTick_Handler                          0x08003c3b   Thumb Code     4  stm32f1xx_it.o(i.SysTick_Handler)
    SystemClock_Config                       0x08003c3f   Thumb Code    94  main.o(i.SystemClock_Config)
    SystemInit                               0x08003c9d   Thumb Code     2  system_stm32f1xx.o(i.SystemInit)
    UsageFault_Handler                       0x08003e17   Thumb Code     2  stm32f1xx_it.o(i.UsageFault_Handler)
    WIZCHIP_READ                             0x08003e19   Thumb Code    84  w5500.o(i.WIZCHIP_READ)
    WIZCHIP_READ_BUF                         0x08003e71   Thumb Code   112  w5500.o(i.WIZCHIP_READ_BUF)
    WIZCHIP_WRITE                            0x08003ee5   Thumb Code    90  w5500.o(i.WIZCHIP_WRITE)
    WIZCHIP_WRITE_BUF                        0x08003f45   Thumb Code   108  w5500.o(i.WIZCHIP_WRITE_BUF)
    __ARM_fpclassify                         0x08003fb5   Thumb Code    40  fpclassify.o(i.__ARM_fpclassify)
    _is_digit                                0x08003ffd   Thumb Code    14  __printf_wp.o(i._is_digit)
    close                                    0x080041f1   Thumb Code   108  socket.o(i.close)
    connect                                  0x08004265   Thumb Code   258  socket.o(i.connect)
    fputc                                    0x0800436d   Thumb Code    20  com_debug.o(i.fputc)
    getSn_TX_FSR                             0x08004385   Thumb Code    76  w5500.o(i.getSn_TX_FSR)
    llcc68_interface_busy_gpio_deinit        0x080043d1   Thumb Code     4  driver_llcc68_interface.o(i.llcc68_interface_busy_gpio_deinit)
    llcc68_interface_busy_gpio_init          0x080043d5   Thumb Code     4  driver_llcc68_interface.o(i.llcc68_interface_busy_gpio_init)
    llcc68_interface_busy_gpio_read          0x080043d9   Thumb Code    20  driver_llcc68_interface.o(i.llcc68_interface_busy_gpio_read)
    llcc68_interface_debug_print             0x080043f1   Thumb Code    18  driver_llcc68_interface.o(i.llcc68_interface_debug_print)
    llcc68_interface_delay_ms                0x08004403   Thumb Code     4  driver_llcc68_interface.o(i.llcc68_interface_delay_ms)
    llcc68_interface_receive_callback        0x08004409   Thumb Code    98  driver_llcc68_interface.o(i.llcc68_interface_receive_callback)
    llcc68_interface_reset_gpio_deinit       0x08004599   Thumb Code     4  driver_llcc68_interface.o(i.llcc68_interface_reset_gpio_deinit)
    llcc68_interface_reset_gpio_init         0x0800459d   Thumb Code     4  driver_llcc68_interface.o(i.llcc68_interface_reset_gpio_init)
    llcc68_interface_reset_gpio_write        0x080045a1   Thumb Code    24  driver_llcc68_interface.o(i.llcc68_interface_reset_gpio_write)
    llcc68_interface_spi_deinit              0x080045bd   Thumb Code    16  driver_llcc68_interface.o(i.llcc68_interface_spi_deinit)
    llcc68_interface_spi_init                0x080045d1   Thumb Code     4  driver_llcc68_interface.o(i.llcc68_interface_spi_init)
    llcc68_interface_spi_write_read          0x080045d5   Thumb Code    90  driver_llcc68_interface.o(i.llcc68_interface_spi_write_read)
    llcc68_irq_handler                       0x08004639   Thumb Code   424  driver_llcc68.o(i.llcc68_irq_handler)
    main                                     0x080048ad   Thumb Code    36  main.o(i.main)
    send                                     0x080048d1   Thumb Code   278  socket.o(i.send)
    socket                                   0x080049ed   Thumb Code   276  socket.o(i.socket)
    wiz_send_data                            0x08004b09   Thumb Code    96  w5500.o(i.wiz_send_data)
    wizchip_bus_readdata                     0x08004b69   Thumb Code     4  wizchip_conf.o(i.wizchip_bus_readdata)
    wizchip_bus_writedata                    0x08004b6d   Thumb Code     4  wizchip_conf.o(i.wizchip_bus_writedata)
    wizchip_cris_enter                       0x08004b71   Thumb Code     2  wizchip_conf.o(i.wizchip_cris_enter)
    wizchip_cris_exit                        0x08004b73   Thumb Code     2  wizchip_conf.o(i.wizchip_cris_exit)
    wizchip_cs_deselect                      0x08004b75   Thumb Code    10  wizchip_conf.o(i.wizchip_cs_deselect)
    wizchip_cs_select                        0x08004b85   Thumb Code    10  wizchip_conf.o(i.wizchip_cs_select)
    _get_lc_numeric                          0x08004b95   Thumb Code    44  lc_numeric_c.o(locale$$code)
    _get_lc_ctype                            0x08004bc1   Thumb Code    44  lc_ctype_c.o(locale$$code)
    _printf_fp_dec                           0x08004bed   Thumb Code     4  printf1.o(x$fpl$printf1)
    _printf_fp_hex                           0x08004bf1   Thumb Code     4  printf2.o(x$fpl$printf2)
    __I$use$fp                               0x08004bf4   Number         0  usenofp.o(x$fpl$usenofp)
    AHBPrescTable                            0x08004c06   Data          16  system_stm32f1xx.o(.constdata)
    APBPrescTable                            0x08004c16   Data           8  system_stm32f1xx.o(.constdata)
    __stdin_name                             0x08004c86   Data           4  sys_io.o(.constdata)
    __stdout_name                            0x08004c8a   Data           4  sys_io.o(.constdata)
    __stderr_name                            0x08004c8e   Data           4  sys_io.o(.constdata)
    Region$$Table$$Base                      0x08004d28   Number         0  anon$$obj.o(Region$$Table)
    Region$$Table$$Limit                     0x08004d48   Number         0  anon$$obj.o(Region$$Table)
    __ctype                                  0x08004d71   Data           0  lc_ctype_c.o(locale$$data)
    uwTickFreq                               0x20000000   Data           1  stm32f1xx_hal.o(.data)
    uwTickPrio                               0x20000004   Data           4  stm32f1xx_hal.o(.data)
    uwTick                                   0x20000008   Data           4  stm32f1xx_hal.o(.data)
    SystemCoreClock                          0x2000000c   Data           4  system_stm32f1xx.o(.data)
    gs_handle                                0x20000010   Data         696  int_lora.o(.data)
    ip                                       0x200002c8   Data           4  int_w5500.o(.data)
    ga                                       0x200002cc   Data           4  int_w5500.o(.data)
    sub                                      0x200002d0   Data           4  int_w5500.o(.data)
    SERVER_IP                                0x200002d4   Data           4  int_w5500.o(.data)
    mac                                      0x200002d8   Data           6  int_w5500.o(.data)
    sock_pack_info                           0x200002e4   Data           8  socket.o(.data)
    WIZCHIP                                  0x200002f4   Data          44  wizchip_conf.o(.data)
    lora_data_len                            0x20000320   Data           2  app_gw.o(.data)
    __aeabi_stdin                            0x20000324   Data           4  stdio_streams.o(.data)
    __aeabi_stdout                           0x20000328   Data           4  stdio_streams.o(.data)
    __aeabi_stderr                           0x2000032c   Data           4  stdio_streams.o(.data)
    hspi1                                    0x20000330   Data          88  spi.o(.bss)
    hspi2                                    0x20000388   Data          88  spi.o(.bss)
    huart1                                   0x200003e0   Data          72  usart.o(.bss)
    lora_data_full_buff                      0x20000438   Data         512  app_gw.o(.bss)
    __stdin                                  0x20000638   Data          84  stdio_streams.o(.bss)
    __stdout                                 0x2000068c   Data          84  stdio_streams.o(.bss)
    __stderr                                 0x200006e0   Data          84  stdio_streams.o(.bss)
    __libspace_start                         0x20000734   Data          96  libspace.o(.bss)
    __temporary_stack_top$libspace           0x20000794   Data           0  libspace.o(.bss)



==============================================================================

Memory Map of the image

  Image Entry point : 0x080000ed

  Load Region LR_IROM1 (Base: 0x08000000, Size: 0x000051a4, Max: 0x00010000, ABSOLUTE, COMPRESSED[0x00004edc])

    Execution Region ER_IROM1 (Exec base: 0x08000000, Load base: 0x08000000, Size: 0x00004e74, Max: 0x00010000, ABSOLUTE)

    Exec Addr    Load Addr    Size         Type   Attr      Idx    E Section Name        Object

    0x08000000   0x08000000   0x000000ec   Data   RO            3    RESET               startup_stm32f103xb.o
    0x080000ec   0x080000ec   0x00000008   Code   RO         4149  * !!!main             c_w.l(__main.o)
    0x080000f4   0x080000f4   0x00000034   Code   RO         4632    !!!scatter          c_w.l(__scatter.o)
    0x08000128   0x08000128   0x0000005a   Code   RO         4630    !!dczerorl2         c_w.l(__dczerorl2.o)
    0x08000182   0x08000182   0x00000002   PAD
    0x08000184   0x08000184   0x0000001c   Code   RO         4634    !!handler_zi        c_w.l(__scatter_zi.o)
    0x080001a0   0x080001a0   0x00000000   Code   RO         4121    .ARM.Collect$$_printf_percent$$00000000  c_w.l(_printf_percent.o)
    0x080001a0   0x080001a0   0x00000006   Code   RO         4280    .ARM.Collect$$_printf_percent$$00000001  c_w.l(_printf_n.o)
    0x080001a6   0x080001a6   0x00000006   Code   RO         4282    .ARM.Collect$$_printf_percent$$00000002  c_w.l(_printf_p.o)
    0x080001ac   0x080001ac   0x00000006   Code   RO         4286    .ARM.Collect$$_printf_percent$$00000003  c_w.l(_printf_f.o)
    0x080001b2   0x080001b2   0x00000006   Code   RO         4287    .ARM.Collect$$_printf_percent$$00000004  c_w.l(_printf_e.o)
    0x080001b8   0x080001b8   0x00000006   Code   RO         4288    .ARM.Collect$$_printf_percent$$00000005  c_w.l(_printf_g.o)
    0x080001be   0x080001be   0x00000006   Code   RO         4289    .ARM.Collect$$_printf_percent$$00000006  c_w.l(_printf_a.o)
    0x080001c4   0x080001c4   0x0000000a   Code   RO         4294    .ARM.Collect$$_printf_percent$$00000007  c_w.l(_printf_ll.o)
    0x080001ce   0x080001ce   0x00000006   Code   RO         4284    .ARM.Collect$$_printf_percent$$00000008  c_w.l(_printf_i.o)
    0x080001d4   0x080001d4   0x00000006   Code   RO         4120    .ARM.Collect$$_printf_percent$$00000009  c_w.l(_printf_d.o)
    0x080001da   0x080001da   0x00000006   Code   RO         4285    .ARM.Collect$$_printf_percent$$0000000A  c_w.l(_printf_u.o)
    0x080001e0   0x080001e0   0x00000006   Code   RO         4283    .ARM.Collect$$_printf_percent$$0000000B  c_w.l(_printf_o.o)
    0x080001e6   0x080001e6   0x00000006   Code   RO         4281    .ARM.Collect$$_printf_percent$$0000000C  c_w.l(_printf_x.o)
    0x080001ec   0x080001ec   0x00000006   Code   RO         4291    .ARM.Collect$$_printf_percent$$0000000D  c_w.l(_printf_lli.o)
    0x080001f2   0x080001f2   0x00000006   Code   RO         4292    .ARM.Collect$$_printf_percent$$0000000E  c_w.l(_printf_lld.o)
    0x080001f8   0x080001f8   0x00000006   Code   RO         4293    .ARM.Collect$$_printf_percent$$0000000F  c_w.l(_printf_llu.o)
    0x080001fe   0x080001fe   0x00000006   Code   RO         4298    .ARM.Collect$$_printf_percent$$00000010  c_w.l(_printf_llo.o)
    0x08000204   0x08000204   0x00000006   Code   RO         4299    .ARM.Collect$$_printf_percent$$00000011  c_w.l(_printf_llx.o)
    0x0800020a   0x0800020a   0x0000000a   Code   RO         4295    .ARM.Collect$$_printf_percent$$00000012  c_w.l(_printf_l.o)
    0x08000214   0x08000214   0x00000006   Code   RO         4279    .ARM.Collect$$_printf_percent$$00000013  c_w.l(_printf_c.o)
    0x0800021a   0x0800021a   0x00000006   Code   RO         4119    .ARM.Collect$$_printf_percent$$00000014  c_w.l(_printf_s.o)
    0x08000220   0x08000220   0x00000006   Code   RO         4296    .ARM.Collect$$_printf_percent$$00000015  c_w.l(_printf_lc.o)
    0x08000226   0x08000226   0x00000006   Code   RO         4297    .ARM.Collect$$_printf_percent$$00000016  c_w.l(_printf_ls.o)
    0x0800022c   0x0800022c   0x00000004   Code   RO         4290    .ARM.Collect$$_printf_percent$$00000017  c_w.l(_printf_percent_end.o)
    0x08000230   0x08000230   0x00000002   Code   RO         4556    .ARM.Collect$$libinit$$00000000  c_w.l(libinit.o)
    0x08000232   0x08000232   0x00000000   Code   RO         4313    .ARM.Collect$$libinit$$00000002  c_w.l(libinit2.o)
    0x08000232   0x08000232   0x00000000   Code   RO         4315    .ARM.Collect$$libinit$$00000004  c_w.l(libinit2.o)
    0x08000232   0x08000232   0x00000008   Code   RO         4316    .ARM.Collect$$libinit$$00000005  c_w.l(libinit2.o)
    0x0800023a   0x0800023a   0x00000000   Code   RO         4318    .ARM.Collect$$libinit$$0000000A  c_w.l(libinit2.o)
    0x0800023a   0x0800023a   0x00000000   Code   RO         4320    .ARM.Collect$$libinit$$0000000C  c_w.l(libinit2.o)
    0x0800023a   0x0800023a   0x00000000   Code   RO         4322    .ARM.Collect$$libinit$$0000000E  c_w.l(libinit2.o)
    0x0800023a   0x0800023a   0x00000006   Code   RO         4323    .ARM.Collect$$libinit$$0000000F  c_w.l(libinit2.o)
    0x08000240   0x08000240   0x00000000   Code   RO         4325    .ARM.Collect$$libinit$$00000011  c_w.l(libinit2.o)
    0x08000240   0x08000240   0x0000000c   Code   RO         4326    .ARM.Collect$$libinit$$00000012  c_w.l(libinit2.o)
    0x0800024c   0x0800024c   0x00000000   Code   RO         4327    .ARM.Collect$$libinit$$00000013  c_w.l(libinit2.o)
    0x0800024c   0x0800024c   0x00000000   Code   RO         4329    .ARM.Collect$$libinit$$00000015  c_w.l(libinit2.o)
    0x0800024c   0x0800024c   0x0000000a   Code   RO         4330    .ARM.Collect$$libinit$$00000016  c_w.l(libinit2.o)
    0x08000256   0x08000256   0x00000000   Code   RO         4331    .ARM.Collect$$libinit$$00000017  c_w.l(libinit2.o)
    0x08000256   0x08000256   0x00000000   Code   RO         4333    .ARM.Collect$$libinit$$00000019  c_w.l(libinit2.o)
    0x08000256   0x08000256   0x00000000   Code   RO         4335    .ARM.Collect$$libinit$$0000001B  c_w.l(libinit2.o)
    0x08000256   0x08000256   0x00000000   Code   RO         4337    .ARM.Collect$$libinit$$0000001D  c_w.l(libinit2.o)
    0x08000256   0x08000256   0x00000000   Code   RO         4339    .ARM.Collect$$libinit$$0000001F  c_w.l(libinit2.o)
    0x08000256   0x08000256   0x00000000   Code   RO         4341    .ARM.Collect$$libinit$$00000021  c_w.l(libinit2.o)
    0x08000256   0x08000256   0x00000000   Code   RO         4343    .ARM.Collect$$libinit$$00000023  c_w.l(libinit2.o)
    0x08000256   0x08000256   0x00000004   Code   RO         4344    .ARM.Collect$$libinit$$00000024  c_w.l(libinit2.o)
    0x0800025a   0x0800025a   0x00000000   Code   RO         4345    .ARM.Collect$$libinit$$00000025  c_w.l(libinit2.o)
    0x0800025a   0x0800025a   0x00000000   Code   RO         4349    .ARM.Collect$$libinit$$0000002C  c_w.l(libinit2.o)
    0x0800025a   0x0800025a   0x00000000   Code   RO         4351    .ARM.Collect$$libinit$$0000002E  c_w.l(libinit2.o)
    0x0800025a   0x0800025a   0x00000000   Code   RO         4353    .ARM.Collect$$libinit$$00000030  c_w.l(libinit2.o)
    0x0800025a   0x0800025a   0x00000000   Code   RO         4355    .ARM.Collect$$libinit$$00000032  c_w.l(libinit2.o)
    0x0800025a   0x0800025a   0x00000002   Code   RO         4356    .ARM.Collect$$libinit$$00000033  c_w.l(libinit2.o)
    0x0800025c   0x0800025c   0x00000002   Code   RO         4627    .ARM.Collect$$libshutdown$$00000000  c_w.l(libshutdown.o)
    0x0800025e   0x0800025e   0x00000000   Code   RO         4558    .ARM.Collect$$libshutdown$$00000002  c_w.l(libshutdown2.o)
    0x0800025e   0x0800025e   0x00000004   Code   RO         4559    .ARM.Collect$$libshutdown$$00000003  c_w.l(libshutdown2.o)
    0x08000262   0x08000262   0x00000000   Code   RO         4560    .ARM.Collect$$libshutdown$$00000004  c_w.l(libshutdown2.o)
    0x08000262   0x08000262   0x00000000   Code   RO         4563    .ARM.Collect$$libshutdown$$00000007  c_w.l(libshutdown2.o)
    0x08000262   0x08000262   0x00000000   Code   RO         4566    .ARM.Collect$$libshutdown$$0000000A  c_w.l(libshutdown2.o)
    0x08000262   0x08000262   0x00000000   Code   RO         4568    .ARM.Collect$$libshutdown$$0000000C  c_w.l(libshutdown2.o)
    0x08000262   0x08000262   0x00000000   Code   RO         4571    .ARM.Collect$$libshutdown$$0000000F  c_w.l(libshutdown2.o)
    0x08000262   0x08000262   0x00000002   Code   RO         4572    .ARM.Collect$$libshutdown$$00000010  c_w.l(libshutdown2.o)
    0x08000264   0x08000264   0x00000000   Code   RO         4197    .ARM.Collect$$rtentry$$00000000  c_w.l(__rtentry.o)
    0x08000264   0x08000264   0x00000000   Code   RO         4410    .ARM.Collect$$rtentry$$00000002  c_w.l(__rtentry2.o)
    0x08000264   0x08000264   0x00000006   Code   RO         4422    .ARM.Collect$$rtentry$$00000004  c_w.l(__rtentry4.o)
    0x0800026a   0x0800026a   0x00000000   Code   RO         4412    .ARM.Collect$$rtentry$$00000009  c_w.l(__rtentry2.o)
    0x0800026a   0x0800026a   0x00000004   Code   RO         4413    .ARM.Collect$$rtentry$$0000000A  c_w.l(__rtentry2.o)
    0x0800026e   0x0800026e   0x00000000   Code   RO         4415    .ARM.Collect$$rtentry$$0000000C  c_w.l(__rtentry2.o)
    0x0800026e   0x0800026e   0x00000008   Code   RO         4416    .ARM.Collect$$rtentry$$0000000D  c_w.l(__rtentry2.o)
    0x08000276   0x08000276   0x00000002   Code   RO         4579    .ARM.Collect$$rtexit$$00000000  c_w.l(rtexit.o)
    0x08000278   0x08000278   0x00000000   Code   RO         4601    .ARM.Collect$$rtexit$$00000002  c_w.l(rtexit2.o)
    0x08000278   0x08000278   0x00000004   Code   RO         4602    .ARM.Collect$$rtexit$$00000003  c_w.l(rtexit2.o)
    0x0800027c   0x0800027c   0x00000006   Code   RO         4603    .ARM.Collect$$rtexit$$00000004  c_w.l(rtexit2.o)
    0x08000282   0x08000282   0x00000002   PAD
    0x08000284   0x08000284   0x00000000   Code   RO         4431    .emb_text           c_w.l(maybetermalloc1.o)
    0x08000284   0x08000284   0x00000040   Code   RO            4    .text               startup_stm32f103xb.o
    0x080002c4   0x080002c4   0x0000005e   Code   RO         4027    .text               c_w.l(h1_alloc.o)
    0x08000322   0x08000322   0x00000002   PAD
    0x08000324   0x08000324   0x0000000c   Code   RO         4083    .text               c_w.l(vprintf.o)
    0x08000330   0x08000330   0x00000018   Code   RO         4085    .text               c_w.l(__2printf.o)
    0x08000348   0x08000348   0x00000052   Code   RO         4095    .text               c_w.l(_printf_str.o)
    0x0800039a   0x0800039a   0x00000002   PAD
    0x0800039c   0x0800039c   0x00000078   Code   RO         4097    .text               c_w.l(_printf_dec.o)
    0x08000414   0x08000414   0x00000188   Code   RO         4116    .text               c_w.l(__printf_flags_ss_wp.o)
    0x0800059c   0x0800059c   0x00000016   Code   RO         4131    .text               c_w.l(strrchr.o)
    0x080005b2   0x080005b2   0x0000003e   Code   RO         4133    .text               c_w.l(strlen.o)
    0x080005f0   0x080005f0   0x0000008a   Code   RO         4137    .text               c_w.l(rt_memcpy_v6.o)
    0x0800067a   0x0800067a   0x00000044   Code   RO         4139    .text               c_w.l(rt_memclr.o)
    0x080006be   0x080006be   0x0000004e   Code   RO         4141    .text               c_w.l(rt_memclr_w.o)
    0x0800070c   0x0800070c   0x00000080   Code   RO         4145    .text               c_w.l(strcmpv7m.o)
    0x0800078c   0x0800078c   0x00000006   Code   RO         4147    .text               c_w.l(heapauxi.o)
    0x08000792   0x08000792   0x00000002   PAD
    0x08000794   0x08000794   0x00000008   Code   RO         4201    .text               c_w.l(rt_heap_descriptor_intlibspace.o)
    0x0800079c   0x0800079c   0x00000004   Code   RO         4203    .text               c_w.l(hguard.o)
    0x080007a0   0x080007a0   0x0000008a   Code   RO         4205    .text               c_w.l(init_alloc.o)
    0x0800082a   0x0800082a   0x0000000e   Code   RO         4211    .text               c_w.l(h1_init.o)
    0x08000838   0x08000838   0x0000004e   Code   RO         4213    .text               c_w.l(h1_free.o)
    0x08000886   0x08000886   0x0000004e   Code   RO         4231    .text               c_w.l(_printf_pad.o)
    0x080008d4   0x080008d4   0x00000024   Code   RO         4233    .text               c_w.l(_printf_truncate.o)
    0x080008f8   0x080008f8   0x000000b2   Code   RO         4235    .text               c_w.l(_printf_intcommon.o)
    0x080009aa   0x080009aa   0x00000028   Code   RO         4237    .text               c_w.l(_printf_charcount.o)
    0x080009d2   0x080009d2   0x00000002   PAD
    0x080009d4   0x080009d4   0x00000030   Code   RO         4239    .text               c_w.l(_printf_char_common.o)
    0x08000a04   0x08000a04   0x0000002c   Code   RO         4243    .text               c_w.l(_printf_char.o)
    0x08000a30   0x08000a30   0x00000024   Code   RO         4245    .text               c_w.l(_printf_char_file.o)
    0x08000a54   0x08000a54   0x000000bc   Code   RO         4247    .text               c_w.l(_printf_wctomb.o)
    0x08000b10   0x08000b10   0x0000007c   Code   RO         4250    .text               c_w.l(_printf_longlong_dec.o)
    0x08000b8c   0x08000b8c   0x00000070   Code   RO         4256    .text               c_w.l(_printf_oct_int_ll.o)
    0x08000bfc   0x08000bfc   0x00000094   Code   RO         4276    .text               c_w.l(_printf_hex_int_ll_ptr.o)
    0x08000c90   0x08000c90   0x00000064   Code   RO         4308    .text               c_w.l(rt_memcpy_w.o)
    0x08000cf4   0x08000cf4   0x00000008   Code   RO         4406    .text               c_w.l(libspace.o)
    0x08000cfc   0x08000cfc   0x00000008   Code   RO         4427    .text               c_w.l(rt_errno_addr_intlibspace.o)
    0x08000d04   0x08000d04   0x00000034   Code   RO         4433    .text               c_w.l(h1_extend.o)
    0x08000d38   0x08000d38   0x0000008a   Code   RO         4437    .text               c_w.l(lludiv10.o)
    0x08000dc2   0x08000dc2   0x0000041e   Code   RO         4439    .text               c_w.l(_printf_fp_dec.o)
    0x080011e0   0x080011e0   0x000002fc   Code   RO         4441    .text               c_w.l(_printf_fp_hex.o)
    0x080014dc   0x080014dc   0x0000002c   Code   RO         4446    .text               c_w.l(_printf_wchar.o)
    0x08001508   0x08001508   0x00000008   Code   RO         4448    .text               c_w.l(ferror.o)
    0x08001510   0x08001510   0x00000138   Code   RO         4450    .text               c_w.l(initio.o)
    0x08001648   0x08001648   0x00000040   Code   RO         4456    .text               c_w.l(_wcrtomb.o)
    0x08001688   0x08001688   0x0000000e   Code   RO         4458    .text               c_w.l(defsig_rtmem_outer.o)
    0x08001696   0x08001696   0x00000066   Code   RO         4475    .text               c_w.l(sys_io.o)
    0x080016fc   0x080016fc   0x00000002   Code   RO         4480    .text               c_w.l(use_no_semi.o)
    0x080016fe   0x080016fe   0x00000000   Code   RO         4482    .text               c_w.l(indicate_semi.o)
    0x080016fe   0x080016fe   0x0000004a   Code   RO         4483    .text               c_w.l(sys_stackheap_outer.o)
    0x08001748   0x08001748   0x00000010   Code   RO         4485    .text               c_w.l(rt_ctype_table.o)
    0x08001758   0x08001758   0x00000008   Code   RO         4492    .text               c_w.l(rt_locale_intlibspace.o)
    0x08001760   0x08001760   0x00000080   Code   RO         4496    .text               c_w.l(_printf_fp_infnan.o)
    0x080017e0   0x080017e0   0x000000e4   Code   RO         4498    .text               c_w.l(bigflt0.o)
    0x080018c4   0x080018c4   0x00000046   Code   RO         4523    .text               c_w.l(setvbuf.o)
    0x0800190a   0x0800190a   0x00000002   PAD
    0x0800190c   0x0800190c   0x000000ec   Code   RO         4526    .text               c_w.l(fopen.o)
    0x080019f8   0x080019f8   0x0000004c   Code   RO         4528    .text               c_w.l(fclose.o)
    0x08001a44   0x08001a44   0x00000012   Code   RO         4537    .text               c_w.l(exit.o)
    0x08001a56   0x08001a56   0x0000000a   Code   RO         4539    .text               c_w.l(defsig_exit.o)
    0x08001a60   0x08001a60   0x0000000e   Code   RO         4541    .text               c_w.l(defsig_rtred_outer.o)
    0x08001a6e   0x08001a6e   0x00000002   PAD
    0x08001a70   0x08001a70   0x00000050   Code   RO         4545    .text               c_w.l(defsig_rtmem_inner.o)
    0x08001ac0   0x08001ac0   0x0000000c   Code   RO         4577    .text               c_w.l(sys_exit.o)
    0x08001acc   0x08001acc   0x000000f8   Code   RO         4585    .text               c_w.l(fseek.o)
    0x08001bc4   0x08001bc4   0x000000f0   Code   RO         4587    .text               c_w.l(stdio.o)
    0x08001cb4   0x08001cb4   0x00000032   Code   RO         4594    .text               c_w.l(defsig_general.o)
    0x08001ce6   0x08001ce6   0x00000002   PAD
    0x08001ce8   0x08001ce8   0x00000034   Code   RO         4596    .text               c_w.l(defsig_rtred_inner.o)
    0x08001d1c   0x08001d1c   0x0000000e   Code   RO         4598    .text               c_w.l(sys_wrch.o)
    0x08001d2a   0x08001d2a   0x00000042   Code   RO         4607    .text               c_w.l(ftell.o)
    0x08001d6c   0x08001d6c   0x0000003e   Code   RO         4501    CL$$btod_d2e        c_w.l(btod.o)
    0x08001daa   0x08001daa   0x00000046   Code   RO         4503    CL$$btod_d2e_denorm_low  c_w.l(btod.o)
    0x08001df0   0x08001df0   0x00000060   Code   RO         4502    CL$$btod_d2e_norm_op1  c_w.l(btod.o)
    0x08001e50   0x08001e50   0x00000338   Code   RO         4511    CL$$btod_div_common  c_w.l(btod.o)
    0x08002188   0x08002188   0x000000dc   Code   RO         4508    CL$$btod_e2e        c_w.l(btod.o)
    0x08002264   0x08002264   0x0000002a   Code   RO         4505    CL$$btod_ediv       c_w.l(btod.o)
    0x0800228e   0x0800228e   0x0000002a   Code   RO         4504    CL$$btod_emul       c_w.l(btod.o)
    0x080022b8   0x080022b8   0x00000244   Code   RO         4510    CL$$btod_mult_common  c_w.l(btod.o)
    0x080024fc   0x080024fc   0x00000030   Code   RO         3993    i.App_GW_Receive_LoRa_Data  app_gw.o
    0x0800252c   0x0800252c   0x00000002   Code   RO          300    i.BusFault_Handler  stm32f1xx_it.o
    0x0800252e   0x0800252e   0x00000002   Code   RO          301    i.DebugMon_Handler  stm32f1xx_it.o
    0x08002530   0x08002530   0x00000004   Code   RO           13    i.Error_Handler     main.o
    0x08002534   0x08002534   0x00000024   Code   RO          764    i.HAL_Delay         stm32f1xx_hal.o
    0x08002558   0x08002558   0x00000118   Code   RO         1071    i.HAL_GPIO_DeInit   stm32f1xx_hal_gpio.o
    0x08002670   0x08002670   0x000001e0   Code   RO         1074    i.HAL_GPIO_Init     stm32f1xx_hal_gpio.o
    0x08002850   0x08002850   0x0000000a   Code   RO         1076    i.HAL_GPIO_ReadPin  stm32f1xx_hal_gpio.o
    0x0800285a   0x0800285a   0x0000000a   Code   RO         1078    i.HAL_GPIO_WritePin  stm32f1xx_hal_gpio.o
    0x08002864   0x08002864   0x0000000c   Code   RO          768    i.HAL_GetTick       stm32f1xx_hal.o
    0x08002870   0x08002870   0x00000010   Code   RO          774    i.HAL_IncTick       stm32f1xx_hal.o
    0x08002880   0x08002880   0x00000024   Code   RO          775    i.HAL_Init          stm32f1xx_hal.o
    0x080028a4   0x080028a4   0x00000040   Code   RO          776    i.HAL_InitTick      stm32f1xx_hal.o
    0x080028e4   0x080028e4   0x0000003c   Code   RO          375    i.HAL_MspInit       stm32f1xx_hal_msp.o
    0x08002920   0x08002920   0x00000040   Code   RO         1240    i.HAL_NVIC_SetPriority  stm32f1xx_hal_cortex.o
    0x08002960   0x08002960   0x00000024   Code   RO         1241    i.HAL_NVIC_SetPriorityGrouping  stm32f1xx_hal_cortex.o
    0x08002984   0x08002984   0x0000012c   Code   RO          932    i.HAL_RCC_ClockConfig  stm32f1xx_hal_rcc.o
    0x08002ab0   0x08002ab0   0x00000020   Code   RO          939    i.HAL_RCC_GetPCLK1Freq  stm32f1xx_hal_rcc.o
    0x08002ad0   0x08002ad0   0x00000020   Code   RO          940    i.HAL_RCC_GetPCLK2Freq  stm32f1xx_hal_rcc.o
    0x08002af0   0x08002af0   0x0000004c   Code   RO          941    i.HAL_RCC_GetSysClockFreq  stm32f1xx_hal_rcc.o
    0x08002b3c   0x08002b3c   0x00000320   Code   RO          944    i.HAL_RCC_OscConfig  stm32f1xx_hal_rcc.o
    0x08002e5c   0x08002e5c   0x0000002e   Code   RO          441    i.HAL_SPI_DeInit    stm32f1xx_hal_spi.o
    0x08002e8a   0x08002e8a   0x000000b2   Code   RO          446    i.HAL_SPI_Init      stm32f1xx_hal_spi.o
    0x08002f3c   0x08002f3c   0x00000044   Code   RO          210    i.HAL_SPI_MspDeInit  spi.o
    0x08002f80   0x08002f80   0x000000b8   Code   RO          211    i.HAL_SPI_MspInit   spi.o
    0x08003038   0x08003038   0x00000154   Code   RO          449    i.HAL_SPI_Receive   stm32f1xx_hal_spi.o
    0x0800318c   0x0800318c   0x00000166   Code   RO          454    i.HAL_SPI_Transmit  stm32f1xx_hal_spi.o
    0x080032f2   0x080032f2   0x000001f0   Code   RO          455    i.HAL_SPI_TransmitReceive  stm32f1xx_hal_spi.o
    0x080034e2   0x080034e2   0x00000028   Code   RO         1245    i.HAL_SYSTICK_Config  stm32f1xx_hal_cortex.o
    0x0800350a   0x0800350a   0x00000064   Code   RO         1764    i.HAL_UART_Init     stm32f1xx_hal_uart.o
    0x0800356e   0x0800356e   0x00000002   PAD
    0x08003570   0x08003570   0x00000070   Code   RO          259    i.HAL_UART_MspInit  usart.o
    0x080035e0   0x080035e0   0x000000a0   Code   RO         1772    i.HAL_UART_Transmit  stm32f1xx_hal_uart.o
    0x08003680   0x08003680   0x00000002   Code   RO          302    i.HardFault_Handler  stm32f1xx_it.o
    0x08003682   0x08003682   0x00000002   PAD
    0x08003684   0x08003684   0x0000004c   Code   RO         2989    i.Int_LoRa_Receive_Data  int_lora.o
    0x080036d0   0x080036d0   0x00000034   Code   RO         3043    i.Int_W5500_Send_Data  int_w5500.o
    0x08003704   0x08003704   0x00000248   Code   RO         3044    i.Int_W5500_Start_TCP_Client  int_w5500.o
    0x0800394c   0x0800394c   0x000000d4   Code   RO          186    i.MX_GPIO_Init      gpio.o
    0x08003a20   0x08003a20   0x00000048   Code   RO          212    i.MX_SPI1_Init      spi.o
    0x08003a68   0x08003a68   0x00000048   Code   RO          213    i.MX_SPI2_Init      spi.o
    0x08003ab0   0x08003ab0   0x00000038   Code   RO          260    i.MX_USART1_UART_Init  usart.o
    0x08003ae8   0x08003ae8   0x00000002   Code   RO          303    i.MemManage_Handler  stm32f1xx_it.o
    0x08003aea   0x08003aea   0x00000002   Code   RO          304    i.NMI_Handler       stm32f1xx_it.o
    0x08003aec   0x08003aec   0x00000002   Code   RO          305    i.PendSV_Handler    stm32f1xx_it.o
    0x08003aee   0x08003aee   0x0000005c   Code   RO          483    i.SPI_EndRxTransaction  stm32f1xx_hal_spi.o
    0x08003b4a   0x08003b4a   0x00000034   Code   RO          484    i.SPI_EndRxTxTransaction  stm32f1xx_hal_spi.o
    0x08003b7e   0x08003b7e   0x00000002   PAD
    0x08003b80   0x08003b80   0x000000b8   Code   RO          489    i.SPI_WaitFlagStateUntilTimeout  stm32f1xx_hal_spi.o
    0x08003c38   0x08003c38   0x00000002   Code   RO          306    i.SVC_Handler       stm32f1xx_it.o
    0x08003c3a   0x08003c3a   0x00000004   Code   RO          307    i.SysTick_Handler   stm32f1xx_it.o
    0x08003c3e   0x08003c3e   0x0000005e   Code   RO           14    i.SystemClock_Config  main.o
    0x08003c9c   0x08003c9c   0x00000002   Code   RO         2098    i.SystemInit        system_stm32f1xx.o
    0x08003c9e   0x08003c9e   0x0000004e   Code   RO         1787    i.UART_EndRxTransfer  stm32f1xx_hal_uart.o
    0x08003cec   0x08003cec   0x000000b8   Code   RO         1790    i.UART_SetConfig    stm32f1xx_hal_uart.o
    0x08003da4   0x08003da4   0x00000072   Code   RO         1793    i.UART_WaitOnFlagUntilTimeout  stm32f1xx_hal_uart.o
    0x08003e16   0x08003e16   0x00000002   Code   RO          308    i.UsageFault_Handler  stm32f1xx_it.o
    0x08003e18   0x08003e18   0x00000058   Code   RO         3920    i.WIZCHIP_READ      w5500.o
    0x08003e70   0x08003e70   0x00000074   Code   RO         3921    i.WIZCHIP_READ_BUF  w5500.o
    0x08003ee4   0x08003ee4   0x00000060   Code   RO         3922    i.WIZCHIP_WRITE     w5500.o
    0x08003f44   0x08003f44   0x00000070   Code   RO         3923    i.WIZCHIP_WRITE_BUF  w5500.o
    0x08003fb4   0x08003fb4   0x00000028   Code   RO         4575    i.__ARM_fpclassify  m_ws.l(fpclassify.o)
    0x08003fdc   0x08003fdc   0x00000020   Code   RO         1247    i.__NVIC_SetPriority  stm32f1xx_hal_cortex.o
    0x08003ffc   0x08003ffc   0x0000000e   Code   RO         4109    i._is_digit         c_w.l(__printf_wp.o)
    0x0800400a   0x0800400a   0x00000014   Code   RO         2202    i.a_llcc68_spi_read  driver_llcc68.o
    0x0800401e   0x0800401e   0x00000002   PAD
    0x08004020   0x08004020   0x00000074   Code   RO         2203    i.a_llcc68_spi_read_buffer  driver_llcc68.o
    0x08004094   0x08004094   0x00000078   Code   RO         2204    i.a_llcc68_spi_read_register  driver_llcc68.o
    0x0800410c   0x0800410c   0x0000006c   Code   RO         2205    i.a_llcc68_spi_write  driver_llcc68.o
    0x08004178   0x08004178   0x00000078   Code   RO         2207    i.a_llcc68_spi_write_register  driver_llcc68.o
    0x080041f0   0x080041f0   0x00000074   Code   RO         3086    i.close             socket.o
    0x08004264   0x08004264   0x00000108   Code   RO         3087    i.connect           socket.o
    0x0800436c   0x0800436c   0x00000018   Code   RO         2136    i.fputc             com_debug.o
    0x08004384   0x08004384   0x0000004c   Code   RO         3925    i.getSn_TX_FSR      w5500.o
    0x080043d0   0x080043d0   0x00000004   Code   RO         2886    i.llcc68_interface_busy_gpio_deinit  driver_llcc68_interface.o
    0x080043d4   0x080043d4   0x00000004   Code   RO         2887    i.llcc68_interface_busy_gpio_init  driver_llcc68_interface.o
    0x080043d8   0x080043d8   0x00000018   Code   RO         2888    i.llcc68_interface_busy_gpio_read  driver_llcc68_interface.o
    0x080043f0   0x080043f0   0x00000012   Code   RO         2889    i.llcc68_interface_debug_print  driver_llcc68_interface.o
    0x08004402   0x08004402   0x00000004   Code   RO         2890    i.llcc68_interface_delay_ms  driver_llcc68_interface.o
    0x08004406   0x08004406   0x00000002   PAD
    0x08004408   0x08004408   0x00000190   Code   RO         2891    i.llcc68_interface_receive_callback  driver_llcc68_interface.o
    0x08004598   0x08004598   0x00000004   Code   RO         2892    i.llcc68_interface_reset_gpio_deinit  driver_llcc68_interface.o
    0x0800459c   0x0800459c   0x00000004   Code   RO         2893    i.llcc68_interface_reset_gpio_init  driver_llcc68_interface.o
    0x080045a0   0x080045a0   0x0000001c   Code   RO         2894    i.llcc68_interface_reset_gpio_write  driver_llcc68_interface.o
    0x080045bc   0x080045bc   0x00000014   Code   RO         2895    i.llcc68_interface_spi_deinit  driver_llcc68_interface.o
    0x080045d0   0x080045d0   0x00000004   Code   RO         2896    i.llcc68_interface_spi_init  driver_llcc68_interface.o
    0x080045d4   0x080045d4   0x00000064   Code   RO         2897    i.llcc68_interface_spi_write_read  driver_llcc68_interface.o
    0x08004638   0x08004638   0x00000274   Code   RO         2252    i.llcc68_irq_handler  driver_llcc68.o
    0x080048ac   0x080048ac   0x00000024   Code   RO           15    i.main              main.o
    0x080048d0   0x080048d0   0x0000011c   Code   RO         3094    i.send              socket.o
    0x080049ec   0x080049ec   0x0000011c   Code   RO         3097    i.socket            socket.o
    0x08004b08   0x08004b08   0x00000060   Code   RO         3928    i.wiz_send_data     w5500.o
    0x08004b68   0x08004b68   0x00000004   Code   RO         3191    i.wizchip_bus_readdata  wizchip_conf.o
    0x08004b6c   0x08004b6c   0x00000004   Code   RO         3192    i.wizchip_bus_writedata  wizchip_conf.o
    0x08004b70   0x08004b70   0x00000002   Code   RO         3194    i.wizchip_cris_enter  wizchip_conf.o
    0x08004b72   0x08004b72   0x00000002   Code   RO         3195    i.wizchip_cris_exit  wizchip_conf.o
    0x08004b74   0x08004b74   0x00000010   Code   RO         3196    i.wizchip_cs_deselect  wizchip_conf.o
    0x08004b84   0x08004b84   0x00000010   Code   RO         3197    i.wizchip_cs_select  wizchip_conf.o
    0x08004b94   0x08004b94   0x0000002c   Code   RO         4535    locale$$code        c_w.l(lc_numeric_c.o)
    0x08004bc0   0x08004bc0   0x0000002c   Code   RO         4590    locale$$code        c_w.l(lc_ctype_c.o)
    0x08004bec   0x08004bec   0x00000004   Code   RO         4379    x$fpl$printf1       fz_ws.l(printf1.o)
    0x08004bf0   0x08004bf0   0x00000004   Code   RO         4381    x$fpl$printf2       fz_ws.l(printf2.o)
    0x08004bf4   0x08004bf4   0x00000000   Code   RO         4387    x$fpl$usenofp       fz_ws.l(usenofp.o)
    0x08004bf4   0x08004bf4   0x00000012   Data   RO          945    .constdata          stm32f1xx_hal_rcc.o
    0x08004c06   0x08004c06   0x00000010   Data   RO         2099    .constdata          system_stm32f1xx.o
    0x08004c16   0x08004c16   0x00000008   Data   RO         2100    .constdata          system_stm32f1xx.o
    0x08004c1e   0x08004c1e   0x00000011   Data   RO         4117    .constdata          c_w.l(__printf_flags_ss_wp.o)
    0x08004c2f   0x08004c2f   0x00000001   PAD
    0x08004c30   0x08004c30   0x00000008   Data   RO         4248    .constdata          c_w.l(_printf_wctomb.o)
    0x08004c38   0x08004c38   0x00000028   Data   RO         4277    .constdata          c_w.l(_printf_hex_int_ll_ptr.o)
    0x08004c60   0x08004c60   0x00000026   Data   RO         4442    .constdata          c_w.l(_printf_fp_hex.o)
    0x08004c86   0x08004c86   0x00000004   Data   RO         4476    .constdata          c_w.l(sys_io.o)
    0x08004c8a   0x08004c8a   0x00000004   Data   RO         4477    .constdata          c_w.l(sys_io.o)
    0x08004c8e   0x08004c8e   0x00000004   Data   RO         4478    .constdata          c_w.l(sys_io.o)
    0x08004c92   0x08004c92   0x00000002   PAD
    0x08004c94   0x08004c94   0x00000094   Data   RO         4499    .constdata          c_w.l(bigflt0.o)
    0x08004d28   0x08004d28   0x00000020   Data   RO         4628    Region$$Table       anon$$obj.o
    0x08004d48   0x08004d48   0x0000001c   Data   RO         4534    locale$$data        c_w.l(lc_numeric_c.o)
    0x08004d64   0x08004d64   0x00000110   Data   RO         4589    locale$$data        c_w.l(lc_ctype_c.o)


    Execution Region RW_IRAM1 (Exec base: 0x20000000, Load base: 0x08004e74, Size: 0x00000d98, Max: 0x00005000, ABSOLUTE, COMPRESSED[0x00000068])

    Exec Addr    Load Addr    Size         Type   Attr      Idx    E Section Name        Object

    0x20000000   COMPRESSED   0x0000000c   Data   RW          782    .data               stm32f1xx_hal.o
    0x2000000c   COMPRESSED   0x00000004   Data   RW         2101    .data               system_stm32f1xx.o
    0x20000010   COMPRESSED   0x000002b8   Data   RW         2991    .data               int_lora.o
    0x200002c8   COMPRESSED   0x00000016   Data   RW         3045    .data               int_w5500.o
    0x200002de   COMPRESSED   0x0000000e   Data   RW         3099    .data               socket.o
    0x200002ec   COMPRESSED   0x00000034   Data   RW         3220    .data               wizchip_conf.o
    0x20000320   COMPRESSED   0x00000002   Data   RW         3995    .data               app_gw.o
    0x20000322   COMPRESSED   0x00000002   PAD
    0x20000324   COMPRESSED   0x00000004   Data   RW         4303    .data               c_w.l(stdio_streams.o)
    0x20000328   COMPRESSED   0x00000004   Data   RW         4304    .data               c_w.l(stdio_streams.o)
    0x2000032c   COMPRESSED   0x00000004   Data   RW         4305    .data               c_w.l(stdio_streams.o)
    0x20000330        -       0x000000b0   Zero   RW          214    .bss                spi.o
    0x200003e0        -       0x00000048   Zero   RW          261    .bss                usart.o
    0x20000428        -       0x00000010   Zero   RW         3098    .bss                socket.o
    0x20000438        -       0x00000200   Zero   RW         3994    .bss                app_gw.o
    0x20000638        -       0x00000054   Zero   RW         4300    .bss                c_w.l(stdio_streams.o)
    0x2000068c        -       0x00000054   Zero   RW         4301    .bss                c_w.l(stdio_streams.o)
    0x200006e0        -       0x00000054   Zero   RW         4302    .bss                c_w.l(stdio_streams.o)
    0x20000734        -       0x00000060   Zero   RW         4407    .bss                c_w.l(libspace.o)
    0x20000794   COMPRESSED   0x00000004   PAD
    0x20000798        -       0x00000200   Zero   RW            2    HEAP                startup_stm32f103xb.o
    0x20000998        -       0x00000400   Zero   RW            1    STACK               startup_stm32f103xb.o


==============================================================================

Image component sizes


      Code (inc. data)   RO Data    RW Data    ZI Data      Debug   Object Name

        48          8          0          2        512       1119   app_gw.o
        24          4          0          0          0        492   com_debug.o
      1112        320          0          0          0       8713   driver_llcc68.o
       614        324          0          0          0       8247   driver_llcc68_interface.o
       212         18          0          0          0       1011   gpio.o
        76          6          0        696          0       1268   int_lora.o
       636        134          0         22          0       2371   int_w5500.o
       134          0          0          0          0     411648   main.o
       948         28          0         14         16       4647   socket.o
       396         62          0          0        176       2918   spi.o
        64         26        236          0       1536        828   startup_stm32f103xb.o
       164         28          0         12          0       6029   stm32f1xx_hal.o
       172         14          0          0          0      28382   stm32f1xx_hal_cortex.o
       780         60          0          0          0       4565   stm32f1xx_hal_gpio.o
        60          8          0          0          0        906   stm32f1xx_hal_msp.o
      1240         84         18          0          0       5208   stm32f1xx_hal_rcc.o
      1746          4          0          0          0       8847   stm32f1xx_hal_spi.o
       636          6          0          0          0       4728   stm32f1xx_hal_uart.o
        20          0          0          0          0       4010   stm32f1xx_it.o
         2          0         24          4          0       1167   system_stm32f1xx.o
       168         20          0          0         72       1742   usart.o
       584         18          0          0          0       4717   w5500.o
        44         12          0         52          0       7617   wizchip_conf.o

    ----------------------------------------------------------------------
      9890       1184        310        804       2312     521180   Object Totals
         0          0         32          0          0          0   (incl. Generated)
        10          0          0          2          0          0   (incl. Padding)

    ----------------------------------------------------------------------

      Code (inc. data)   RO Data    RW Data    ZI Data      Debug   Library Member Name

        24          4          0          0          0         84   __2printf.o
        90          0          0          0          0          0   __dczerorl2.o
         8          0          0          0          0         68   __main.o
       392          4         17          0          0         92   __printf_flags_ss_wp.o
        14          0          0          0          0         68   __printf_wp.o
         0          0          0          0          0          0   __rtentry.o
        12          0          0          0          0          0   __rtentry2.o
         6          0          0          0          0          0   __rtentry4.o
        52          8          0          0          0          0   __scatter.o
        28          0          0          0          0          0   __scatter_zi.o
         6          0          0          0          0          0   _printf_a.o
         6          0          0          0          0          0   _printf_c.o
        44          0          0          0          0        108   _printf_char.o
        48          6          0          0          0         96   _printf_char_common.o
        36          4          0          0          0         80   _printf_char_file.o
        40          0          0          0          0         68   _printf_charcount.o
         6          0          0          0          0          0   _printf_d.o
       120         16          0          0          0         92   _printf_dec.o
         6          0          0          0          0          0   _printf_e.o
         6          0          0          0          0          0   _printf_f.o
      1054          0          0          0          0        216   _printf_fp_dec.o
       764          8         38          0          0        100   _printf_fp_hex.o
       128         16          0          0          0         84   _printf_fp_infnan.o
         6          0          0          0          0          0   _printf_g.o
       148          4         40          0          0        160   _printf_hex_int_ll_ptr.o
         6          0          0          0          0          0   _printf_i.o
       178          0          0          0          0         88   _printf_intcommon.o
        10          0          0          0          0          0   _printf_l.o
         6          0          0          0          0          0   _printf_lc.o
        10          0          0          0          0          0   _printf_ll.o
         6          0          0          0          0          0   _printf_lld.o
         6          0          0          0          0          0   _printf_lli.o
         6          0          0          0          0          0   _printf_llo.o
         6          0          0          0          0          0   _printf_llu.o
         6          0          0          0          0          0   _printf_llx.o
       124         16          0          0          0         92   _printf_longlong_dec.o
         6          0          0          0          0          0   _printf_ls.o
         6          0          0          0          0          0   _printf_n.o
         6          0          0          0          0          0   _printf_o.o
       112         10          0          0          0        124   _printf_oct_int_ll.o
         6          0          0          0          0          0   _printf_p.o
        78          0          0          0          0        108   _printf_pad.o
         0          0          0          0          0          0   _printf_percent.o
         4          0          0          0          0          0   _printf_percent_end.o
         6          0          0          0          0          0   _printf_s.o
        82          0          0          0          0         80   _printf_str.o
        36          0          0          0          0         84   _printf_truncate.o
         6          0          0          0          0          0   _printf_u.o
        44          0          0          0          0        108   _printf_wchar.o
       188          6          8          0          0         92   _printf_wctomb.o
         6          0          0          0          0          0   _printf_x.o
        64          0          0          0          0         92   _wcrtomb.o
       228          4        148          0          0         96   bigflt0.o
      1936        128          0          0          0        672   btod.o
        10          0          0          0          0         68   defsig_exit.o
        50          0          0          0          0         88   defsig_general.o
        80         58          0          0          0         76   defsig_rtmem_inner.o
        14          0          0          0          0         80   defsig_rtmem_outer.o
        52         38          0          0          0         76   defsig_rtred_inner.o
        14          0          0          0          0         80   defsig_rtred_outer.o
        18          0          0          0          0         80   exit.o
        76          0          0          0          0         88   fclose.o
         8          0          0          0          0         68   ferror.o
       236          4          0          0          0        128   fopen.o
       248          6          0          0          0         84   fseek.o
        66          0          0          0          0         76   ftell.o
        94          0          0          0          0         80   h1_alloc.o
        52          0          0          0          0         68   h1_extend.o
        78          0          0          0          0         80   h1_free.o
        14          0          0          0          0         84   h1_init.o
         6          0          0          0          0        152   heapauxi.o
         4          0          0          0          0        136   hguard.o
         0          0          0          0          0          0   indicate_semi.o
       138          0          0          0          0        168   init_alloc.o
       312         46          0          0          0        112   initio.o
        44         10        272          0          0         76   lc_ctype_c.o
        44         10         28          0          0         76   lc_numeric_c.o
         2          0          0          0          0          0   libinit.o
        42          0          0          0          0          0   libinit2.o
         2          0          0          0          0          0   libshutdown.o
         6          0          0          0          0          0   libshutdown2.o
         8          4          0          0         96         68   libspace.o
       138          0          0          0          0         80   lludiv10.o
         0          0          0          0          0          0   maybetermalloc1.o
        16          4          0          0          0         76   rt_ctype_table.o
         8          4          0          0          0         68   rt_errno_addr_intlibspace.o
         8          4          0          0          0         68   rt_heap_descriptor_intlibspace.o
         8          4          0          0          0         68   rt_locale_intlibspace.o
        68          0          0          0          0         68   rt_memclr.o
        78          0          0          0          0         80   rt_memclr_w.o
       138          0          0          0          0         68   rt_memcpy_v6.o
       100          0          0          0          0         80   rt_memcpy_w.o
         2          0          0          0          0          0   rtexit.o
        10          0          0          0          0          0   rtexit2.o
        70          0          0          0          0         80   setvbuf.o
       240          6          0          0          0        156   stdio.o
         0          0          0         12        252          0   stdio_streams.o
       128          0          0          0          0         68   strcmpv7m.o
        62          0          0          0          0         76   strlen.o
        22          0          0          0          0         68   strrchr.o
        12          4          0          0          0         68   sys_exit.o
       102          0         12          0          0        240   sys_io.o
        74          0          0          0          0         80   sys_stackheap_outer.o
        14          0          0          0          0         76   sys_wrch.o
         2          0          0          0          0         68   use_no_semi.o
        12          4          0          0          0         68   vprintf.o
         4          0          0          0          0         68   printf1.o
         4          0          0          0          0         68   printf2.o
         0          0          0          0          0          0   usenofp.o
        40          0          0          0          0         68   fpclassify.o

    ----------------------------------------------------------------------
      9318        440        566         12        352       6952   Library Totals
        18          0          3          0          4          0   (incl. Padding)

    ----------------------------------------------------------------------

      Code (inc. data)   RO Data    RW Data    ZI Data      Debug   Library Name

      9252        440        563         12        348       6748   c_w.l
         8          0          0          0          0        136   fz_ws.l
        40          0          0          0          0         68   m_ws.l

    ----------------------------------------------------------------------
      9318        440        566         12        352       6952   Library Totals

    ----------------------------------------------------------------------

==============================================================================


      Code (inc. data)   RO Data    RW Data    ZI Data      Debug   

     19208       1624        876        816       2664     519808   Grand Totals
     19208       1624        876        104       2664     519808   ELF Image Totals (compressed)
     19208       1624        876        104          0          0   ROM Totals

==============================================================================

    Total RO  Size (Code + RO Data)                20084 (  19.61kB)
    Total RW  Size (RW Data + ZI Data)              3480 (   3.40kB)
    Total ROM Size (Code + RO Data + RW Data)      20188 (  19.71kB)

==============================================================================

